2023-08-30 14:12:41.781 [DiscoveryClient-HeartbeatExecutor-0] ERROR c.netflix.discovery.DiscoveryClient - DiscoveryClient_ONTOLOGY/DESKTOP-U30NBNG:ontology:36002 - was unable to send heartbeat!
com.netflix.discovery.shared.transport.TransportException: Cannot execute request on any known server
	at com.netflix.discovery.shared.transport.decorator.RetryableEurekaHttpClient.execute(RetryableEurekaHttpClient.java:112)
	at com.netflix.discovery.shared.transport.decorator.EurekaHttpClientDecorator.sendHeartBeat(EurekaHttpClientDecorator.java:89)
	at com.netflix.discovery.shared.transport.decorator.EurekaHttpClientDecorator$3.execute(EurekaHttpClientDecorator.java:92)
	at com.netflix.discovery.shared.transport.decorator.SessionedEurekaHttpClient.execute(SessionedEurekaHttpClient.java:77)
	at com.netflix.discovery.shared.transport.decorator.EurekaHttpClientDecorator.sendHeartBeat(EurekaHttpClientDecorator.java:89)
	at com.netflix.discovery.DiscoveryClient.renew(DiscoveryClient.java:893)
	at com.netflix.discovery.DiscoveryClient$HeartbeatThread.run(DiscoveryClient.java:1457)
	at java.util.concurrent.Executors$RunnableAdapter.call(Executors.java:511)
	at java.util.concurrent.FutureTask.run(FutureTask.java:266)
	at java.util.concurrent.ThreadPoolExecutor.runWorker(ThreadPoolExecutor.java:1149)
	at java.util.concurrent.ThreadPoolExecutor$Worker.run(ThreadPoolExecutor.java:624)
	at java.lang.Thread.run(Thread.java:748)
2023-08-30 14:12:48.804 [DiscoveryClient-HeartbeatExecutor-0] ERROR c.netflix.discovery.DiscoveryClient - DiscoveryClient_ONTOLOGY/DESKTOP-U30NBNG:ontology:36002 - was unable to send heartbeat!
com.netflix.discovery.shared.transport.TransportException: Cannot execute request on any known server
	at com.netflix.discovery.shared.transport.decorator.RetryableEurekaHttpClient.execute(RetryableEurekaHttpClient.java:112)
	at com.netflix.discovery.shared.transport.decorator.EurekaHttpClientDecorator.sendHeartBeat(EurekaHttpClientDecorator.java:89)
	at com.netflix.discovery.shared.transport.decorator.EurekaHttpClientDecorator$3.execute(EurekaHttpClientDecorator.java:92)
	at com.netflix.discovery.shared.transport.decorator.SessionedEurekaHttpClient.execute(SessionedEurekaHttpClient.java:77)
	at com.netflix.discovery.shared.transport.decorator.EurekaHttpClientDecorator.sendHeartBeat(EurekaHttpClientDecorator.java:89)
	at com.netflix.discovery.DiscoveryClient.renew(DiscoveryClient.java:893)
	at com.netflix.discovery.DiscoveryClient$HeartbeatThread.run(DiscoveryClient.java:1457)
	at java.util.concurrent.Executors$RunnableAdapter.call(Executors.java:511)
	at java.util.concurrent.FutureTask.run(FutureTask.java:266)
	at java.util.concurrent.ThreadPoolExecutor.runWorker(ThreadPoolExecutor.java:1149)
	at java.util.concurrent.ThreadPoolExecutor$Worker.run(ThreadPoolExecutor.java:624)
	at java.lang.Thread.run(Thread.java:748)
2023-08-30 14:12:55.808 [DiscoveryClient-HeartbeatExecutor-0] ERROR c.netflix.discovery.DiscoveryClient - DiscoveryClient_ONTOLOGY/DESKTOP-U30NBNG:ontology:36002 - was unable to send heartbeat!
com.netflix.discovery.shared.transport.TransportException: Cannot execute request on any known server
	at com.netflix.discovery.shared.transport.decorator.RetryableEurekaHttpClient.execute(RetryableEurekaHttpClient.java:112)
	at com.netflix.discovery.shared.transport.decorator.EurekaHttpClientDecorator.sendHeartBeat(EurekaHttpClientDecorator.java:89)
	at com.netflix.discovery.shared.transport.decorator.EurekaHttpClientDecorator$3.execute(EurekaHttpClientDecorator.java:92)
	at com.netflix.discovery.shared.transport.decorator.SessionedEurekaHttpClient.execute(SessionedEurekaHttpClient.java:77)
	at com.netflix.discovery.shared.transport.decorator.EurekaHttpClientDecorator.sendHeartBeat(EurekaHttpClientDecorator.java:89)
	at com.netflix.discovery.DiscoveryClient.renew(DiscoveryClient.java:893)
	at com.netflix.discovery.DiscoveryClient$HeartbeatThread.run(DiscoveryClient.java:1457)
	at java.util.concurrent.Executors$RunnableAdapter.call(Executors.java:511)
	at java.util.concurrent.FutureTask.run(FutureTask.java:266)
	at java.util.concurrent.ThreadPoolExecutor.runWorker(ThreadPoolExecutor.java:1149)
	at java.util.concurrent.ThreadPoolExecutor$Worker.run(ThreadPoolExecutor.java:624)
	at java.lang.Thread.run(Thread.java:748)
2023-08-30 14:13:02.806 [DiscoveryClient-HeartbeatExecutor-0] ERROR c.netflix.discovery.DiscoveryClient - DiscoveryClient_ONTOLOGY/DESKTOP-U30NBNG:ontology:36002 - was unable to send heartbeat!
com.netflix.discovery.shared.transport.TransportException: Cannot execute request on any known server
	at com.netflix.discovery.shared.transport.decorator.RetryableEurekaHttpClient.execute(RetryableEurekaHttpClient.java:112)
	at com.netflix.discovery.shared.transport.decorator.EurekaHttpClientDecorator.sendHeartBeat(EurekaHttpClientDecorator.java:89)
	at com.netflix.discovery.shared.transport.decorator.EurekaHttpClientDecorator$3.execute(EurekaHttpClientDecorator.java:92)
	at com.netflix.discovery.shared.transport.decorator.SessionedEurekaHttpClient.execute(SessionedEurekaHttpClient.java:77)
	at com.netflix.discovery.shared.transport.decorator.EurekaHttpClientDecorator.sendHeartBeat(EurekaHttpClientDecorator.java:89)
	at com.netflix.discovery.DiscoveryClient.renew(DiscoveryClient.java:893)
	at com.netflix.discovery.DiscoveryClient$HeartbeatThread.run(DiscoveryClient.java:1457)
	at java.util.concurrent.Executors$RunnableAdapter.call(Executors.java:511)
	at java.util.concurrent.FutureTask.run(FutureTask.java:266)
	at java.util.concurrent.ThreadPoolExecutor.runWorker(ThreadPoolExecutor.java:1149)
	at java.util.concurrent.ThreadPoolExecutor$Worker.run(ThreadPoolExecutor.java:624)
	at java.lang.Thread.run(Thread.java:748)
2023-08-30 14:13:09.828 [DiscoveryClient-HeartbeatExecutor-0] ERROR c.netflix.discovery.DiscoveryClient - DiscoveryClient_ONTOLOGY/DESKTOP-U30NBNG:ontology:36002 - was unable to send heartbeat!
com.netflix.discovery.shared.transport.TransportException: Cannot execute request on any known server
	at com.netflix.discovery.shared.transport.decorator.RetryableEurekaHttpClient.execute(RetryableEurekaHttpClient.java:112)
	at com.netflix.discovery.shared.transport.decorator.EurekaHttpClientDecorator.sendHeartBeat(EurekaHttpClientDecorator.java:89)
	at com.netflix.discovery.shared.transport.decorator.EurekaHttpClientDecorator$3.execute(EurekaHttpClientDecorator.java:92)
	at com.netflix.discovery.shared.transport.decorator.SessionedEurekaHttpClient.execute(SessionedEurekaHttpClient.java:77)
	at com.netflix.discovery.shared.transport.decorator.EurekaHttpClientDecorator.sendHeartBeat(EurekaHttpClientDecorator.java:89)
	at com.netflix.discovery.DiscoveryClient.renew(DiscoveryClient.java:893)
	at com.netflix.discovery.DiscoveryClient$HeartbeatThread.run(DiscoveryClient.java:1457)
	at java.util.concurrent.Executors$RunnableAdapter.call(Executors.java:511)
	at java.util.concurrent.FutureTask.run(FutureTask.java:266)
	at java.util.concurrent.ThreadPoolExecutor.runWorker(ThreadPoolExecutor.java:1149)
	at java.util.concurrent.ThreadPoolExecutor$Worker.run(ThreadPoolExecutor.java:624)
	at java.lang.Thread.run(Thread.java:748)
2023-08-30 14:13:16.845 [DiscoveryClient-HeartbeatExecutor-0] ERROR c.netflix.discovery.DiscoveryClient - DiscoveryClient_ONTOLOGY/DESKTOP-U30NBNG:ontology:36002 - was unable to send heartbeat!
com.netflix.discovery.shared.transport.TransportException: Cannot execute request on any known server
	at com.netflix.discovery.shared.transport.decorator.RetryableEurekaHttpClient.execute(RetryableEurekaHttpClient.java:112)
	at com.netflix.discovery.shared.transport.decorator.EurekaHttpClientDecorator.sendHeartBeat(EurekaHttpClientDecorator.java:89)
	at com.netflix.discovery.shared.transport.decorator.EurekaHttpClientDecorator$3.execute(EurekaHttpClientDecorator.java:92)
	at com.netflix.discovery.shared.transport.decorator.SessionedEurekaHttpClient.execute(SessionedEurekaHttpClient.java:77)
	at com.netflix.discovery.shared.transport.decorator.EurekaHttpClientDecorator.sendHeartBeat(EurekaHttpClientDecorator.java:89)
	at com.netflix.discovery.DiscoveryClient.renew(DiscoveryClient.java:893)
	at com.netflix.discovery.DiscoveryClient$HeartbeatThread.run(DiscoveryClient.java:1457)
	at java.util.concurrent.Executors$RunnableAdapter.call(Executors.java:511)
	at java.util.concurrent.FutureTask.run(FutureTask.java:266)
	at java.util.concurrent.ThreadPoolExecutor.runWorker(ThreadPoolExecutor.java:1149)
	at java.util.concurrent.ThreadPoolExecutor$Worker.run(ThreadPoolExecutor.java:624)
	at java.lang.Thread.run(Thread.java:748)
2023-08-30 14:13:23.857 [DiscoveryClient-HeartbeatExecutor-0] ERROR c.netflix.discovery.DiscoveryClient - DiscoveryClient_ONTOLOGY/DESKTOP-U30NBNG:ontology:36002 - was unable to send heartbeat!
com.netflix.discovery.shared.transport.TransportException: Cannot execute request on any known server
	at com.netflix.discovery.shared.transport.decorator.RetryableEurekaHttpClient.execute(RetryableEurekaHttpClient.java:112)
	at com.netflix.discovery.shared.transport.decorator.EurekaHttpClientDecorator.sendHeartBeat(EurekaHttpClientDecorator.java:89)
	at com.netflix.discovery.shared.transport.decorator.EurekaHttpClientDecorator$3.execute(EurekaHttpClientDecorator.java:92)
	at com.netflix.discovery.shared.transport.decorator.SessionedEurekaHttpClient.execute(SessionedEurekaHttpClient.java:77)
	at com.netflix.discovery.shared.transport.decorator.EurekaHttpClientDecorator.sendHeartBeat(EurekaHttpClientDecorator.java:89)
	at com.netflix.discovery.DiscoveryClient.renew(DiscoveryClient.java:893)
	at com.netflix.discovery.DiscoveryClient$HeartbeatThread.run(DiscoveryClient.java:1457)
	at java.util.concurrent.Executors$RunnableAdapter.call(Executors.java:511)
	at java.util.concurrent.FutureTask.run(FutureTask.java:266)
	at java.util.concurrent.ThreadPoolExecutor.runWorker(ThreadPoolExecutor.java:1149)
	at java.util.concurrent.ThreadPoolExecutor$Worker.run(ThreadPoolExecutor.java:624)
	at java.lang.Thread.run(Thread.java:748)
2023-08-30 14:13:30.859 [DiscoveryClient-HeartbeatExecutor-0] ERROR c.netflix.discovery.DiscoveryClient - DiscoveryClient_ONTOLOGY/DESKTOP-U30NBNG:ontology:36002 - was unable to send heartbeat!
com.netflix.discovery.shared.transport.TransportException: Cannot execute request on any known server
	at com.netflix.discovery.shared.transport.decorator.RetryableEurekaHttpClient.execute(RetryableEurekaHttpClient.java:112)
	at com.netflix.discovery.shared.transport.decorator.EurekaHttpClientDecorator.sendHeartBeat(EurekaHttpClientDecorator.java:89)
	at com.netflix.discovery.shared.transport.decorator.EurekaHttpClientDecorator$3.execute(EurekaHttpClientDecorator.java:92)
	at com.netflix.discovery.shared.transport.decorator.SessionedEurekaHttpClient.execute(SessionedEurekaHttpClient.java:77)
	at com.netflix.discovery.shared.transport.decorator.EurekaHttpClientDecorator.sendHeartBeat(EurekaHttpClientDecorator.java:89)
	at com.netflix.discovery.DiscoveryClient.renew(DiscoveryClient.java:893)
	at com.netflix.discovery.DiscoveryClient$HeartbeatThread.run(DiscoveryClient.java:1457)
	at java.util.concurrent.Executors$RunnableAdapter.call(Executors.java:511)
	at java.util.concurrent.FutureTask.run(FutureTask.java:266)
	at java.util.concurrent.ThreadPoolExecutor.runWorker(ThreadPoolExecutor.java:1149)
	at java.util.concurrent.ThreadPoolExecutor$Worker.run(ThreadPoolExecutor.java:624)
	at java.lang.Thread.run(Thread.java:748)
2023-08-30 15:52:06.258 [Druid-ConnectionPool-Create-1794489296] ERROR c.alibaba.druid.pool.DruidDataSource - create connection SQLException, url: jdbc:postgresql://${PG_DB_HOST}:${PG_DB_PORT}/${PG_DB_NAME}?currentSchema=ontology_db, errorCode 0, state null
java.sql.SQLException: connect error, url jdbc:postgresql://${PG_DB_HOST}:${PG_DB_PORT}/${PG_DB_NAME}?currentSchema=ontology_db, driverClass org.postgresql.Driver
	at com.alibaba.druid.pool.DruidAbstractDataSource.createPhysicalConnection(DruidAbstractDataSource.java:1666)
	at com.alibaba.druid.pool.DruidDataSource$CreateConnectionThread.run(DruidDataSource.java:2601)
2023-08-30 15:52:06.270 [Druid-ConnectionPool-Create-1794489296] ERROR c.alibaba.druid.pool.DruidDataSource - create connection SQLException, url: jdbc:postgresql://${PG_DB_HOST}:${PG_DB_PORT}/${PG_DB_NAME}?currentSchema=ontology_db, errorCode 0, state null
java.sql.SQLException: connect error, url jdbc:postgresql://${PG_DB_HOST}:${PG_DB_PORT}/${PG_DB_NAME}?currentSchema=ontology_db, driverClass org.postgresql.Driver
	at com.alibaba.druid.pool.DruidAbstractDataSource.createPhysicalConnection(DruidAbstractDataSource.java:1666)
	at com.alibaba.druid.pool.DruidDataSource$CreateConnectionThread.run(DruidDataSource.java:2601)
2023-08-30 15:52:06.770 [Druid-ConnectionPool-Create-1794489296] ERROR c.alibaba.druid.pool.DruidDataSource - create connection SQLException, url: jdbc:postgresql://${PG_DB_HOST}:${PG_DB_PORT}/${PG_DB_NAME}?currentSchema=ontology_db, errorCode 0, state null
java.sql.SQLException: connect error, url jdbc:postgresql://${PG_DB_HOST}:${PG_DB_PORT}/${PG_DB_NAME}?currentSchema=ontology_db, driverClass org.postgresql.Driver
	at com.alibaba.druid.pool.DruidAbstractDataSource.createPhysicalConnection(DruidAbstractDataSource.java:1666)
	at com.alibaba.druid.pool.DruidDataSource$CreateConnectionThread.run(DruidDataSource.java:2601)
2023-08-30 15:52:07.270 [Druid-ConnectionPool-Create-1794489296] ERROR c.alibaba.druid.pool.DruidDataSource - create connection SQLException, url: jdbc:postgresql://${PG_DB_HOST}:${PG_DB_PORT}/${PG_DB_NAME}?currentSchema=ontology_db, errorCode 0, state null
java.sql.SQLException: connect error, url jdbc:postgresql://${PG_DB_HOST}:${PG_DB_PORT}/${PG_DB_NAME}?currentSchema=ontology_db, driverClass org.postgresql.Driver
	at com.alibaba.druid.pool.DruidAbstractDataSource.createPhysicalConnection(DruidAbstractDataSource.java:1666)
	at com.alibaba.druid.pool.DruidDataSource$CreateConnectionThread.run(DruidDataSource.java:2601)
2023-08-30 15:52:07.770 [Druid-ConnectionPool-Create-1794489296] ERROR c.alibaba.druid.pool.DruidDataSource - create connection SQLException, url: jdbc:postgresql://${PG_DB_HOST}:${PG_DB_PORT}/${PG_DB_NAME}?currentSchema=ontology_db, errorCode 0, state null
java.sql.SQLException: connect error, url jdbc:postgresql://${PG_DB_HOST}:${PG_DB_PORT}/${PG_DB_NAME}?currentSchema=ontology_db, driverClass org.postgresql.Driver
	at com.alibaba.druid.pool.DruidAbstractDataSource.createPhysicalConnection(DruidAbstractDataSource.java:1666)
	at com.alibaba.druid.pool.DruidDataSource$CreateConnectionThread.run(DruidDataSource.java:2601)
2023-08-30 15:52:08.270 [Druid-ConnectionPool-Create-1794489296] ERROR c.alibaba.druid.pool.DruidDataSource - create connection SQLException, url: jdbc:postgresql://${PG_DB_HOST}:${PG_DB_PORT}/${PG_DB_NAME}?currentSchema=ontology_db, errorCode 0, state null
java.sql.SQLException: connect error, url jdbc:postgresql://${PG_DB_HOST}:${PG_DB_PORT}/${PG_DB_NAME}?currentSchema=ontology_db, driverClass org.postgresql.Driver
	at com.alibaba.druid.pool.DruidAbstractDataSource.createPhysicalConnection(DruidAbstractDataSource.java:1666)
	at com.alibaba.druid.pool.DruidDataSource$CreateConnectionThread.run(DruidDataSource.java:2601)
2023-08-30 15:52:08.770 [Druid-ConnectionPool-Create-1794489296] ERROR c.alibaba.druid.pool.DruidDataSource - create connection SQLException, url: jdbc:postgresql://${PG_DB_HOST}:${PG_DB_PORT}/${PG_DB_NAME}?currentSchema=ontology_db, errorCode 0, state null
java.sql.SQLException: connect error, url jdbc:postgresql://${PG_DB_HOST}:${PG_DB_PORT}/${PG_DB_NAME}?currentSchema=ontology_db, driverClass org.postgresql.Driver
	at com.alibaba.druid.pool.DruidAbstractDataSource.createPhysicalConnection(DruidAbstractDataSource.java:1666)
	at com.alibaba.druid.pool.DruidDataSource$CreateConnectionThread.run(DruidDataSource.java:2601)
2023-08-30 15:52:09.270 [Druid-ConnectionPool-Create-1794489296] ERROR c.alibaba.druid.pool.DruidDataSource - create connection SQLException, url: jdbc:postgresql://${PG_DB_HOST}:${PG_DB_PORT}/${PG_DB_NAME}?currentSchema=ontology_db, errorCode 0, state null
java.sql.SQLException: connect error, url jdbc:postgresql://${PG_DB_HOST}:${PG_DB_PORT}/${PG_DB_NAME}?currentSchema=ontology_db, driverClass org.postgresql.Driver
	at com.alibaba.druid.pool.DruidAbstractDataSource.createPhysicalConnection(DruidAbstractDataSource.java:1666)
	at com.alibaba.druid.pool.DruidDataSource$CreateConnectionThread.run(DruidDataSource.java:2601)
2023-08-30 15:52:09.770 [Druid-ConnectionPool-Create-1794489296] ERROR c.alibaba.druid.pool.DruidDataSource - create connection SQLException, url: jdbc:postgresql://${PG_DB_HOST}:${PG_DB_PORT}/${PG_DB_NAME}?currentSchema=ontology_db, errorCode 0, state null
java.sql.SQLException: connect error, url jdbc:postgresql://${PG_DB_HOST}:${PG_DB_PORT}/${PG_DB_NAME}?currentSchema=ontology_db, driverClass org.postgresql.Driver
	at com.alibaba.druid.pool.DruidAbstractDataSource.createPhysicalConnection(DruidAbstractDataSource.java:1666)
	at com.alibaba.druid.pool.DruidDataSource$CreateConnectionThread.run(DruidDataSource.java:2601)
2023-08-30 15:52:10.270 [Druid-ConnectionPool-Create-1794489296] ERROR c.alibaba.druid.pool.DruidDataSource - create connection SQLException, url: jdbc:postgresql://${PG_DB_HOST}:${PG_DB_PORT}/${PG_DB_NAME}?currentSchema=ontology_db, errorCode 0, state null
java.sql.SQLException: connect error, url jdbc:postgresql://${PG_DB_HOST}:${PG_DB_PORT}/${PG_DB_NAME}?currentSchema=ontology_db, driverClass org.postgresql.Driver
	at com.alibaba.druid.pool.DruidAbstractDataSource.createPhysicalConnection(DruidAbstractDataSource.java:1666)
	at com.alibaba.druid.pool.DruidDataSource$CreateConnectionThread.run(DruidDataSource.java:2601)
2023-08-30 15:52:10.770 [Druid-ConnectionPool-Create-1794489296] ERROR c.alibaba.druid.pool.DruidDataSource - create connection SQLException, url: jdbc:postgresql://${PG_DB_HOST}:${PG_DB_PORT}/${PG_DB_NAME}?currentSchema=ontology_db, errorCode 0, state null
java.sql.SQLException: connect error, url jdbc:postgresql://${PG_DB_HOST}:${PG_DB_PORT}/${PG_DB_NAME}?currentSchema=ontology_db, driverClass org.postgresql.Driver
	at com.alibaba.druid.pool.DruidAbstractDataSource.createPhysicalConnection(DruidAbstractDataSource.java:1666)
	at com.alibaba.druid.pool.DruidDataSource$CreateConnectionThread.run(DruidDataSource.java:2601)
2023-08-30 15:52:11.270 [Druid-ConnectionPool-Create-1794489296] ERROR c.alibaba.druid.pool.DruidDataSource - create connection SQLException, url: jdbc:postgresql://${PG_DB_HOST}:${PG_DB_PORT}/${PG_DB_NAME}?currentSchema=ontology_db, errorCode 0, state null
java.sql.SQLException: connect error, url jdbc:postgresql://${PG_DB_HOST}:${PG_DB_PORT}/${PG_DB_NAME}?currentSchema=ontology_db, driverClass org.postgresql.Driver
	at com.alibaba.druid.pool.DruidAbstractDataSource.createPhysicalConnection(DruidAbstractDataSource.java:1666)
	at com.alibaba.druid.pool.DruidDataSource$CreateConnectionThread.run(DruidDataSource.java:2601)
2023-08-30 15:52:11.770 [Druid-ConnectionPool-Create-1794489296] ERROR c.alibaba.druid.pool.DruidDataSource - create connection SQLException, url: jdbc:postgresql://${PG_DB_HOST}:${PG_DB_PORT}/${PG_DB_NAME}?currentSchema=ontology_db, errorCode 0, state null
java.sql.SQLException: connect error, url jdbc:postgresql://${PG_DB_HOST}:${PG_DB_PORT}/${PG_DB_NAME}?currentSchema=ontology_db, driverClass org.postgresql.Driver
	at com.alibaba.druid.pool.DruidAbstractDataSource.createPhysicalConnection(DruidAbstractDataSource.java:1666)
	at com.alibaba.druid.pool.DruidDataSource$CreateConnectionThread.run(DruidDataSource.java:2601)
2023-08-30 15:52:12.270 [Druid-ConnectionPool-Create-1794489296] ERROR c.alibaba.druid.pool.DruidDataSource - create connection SQLException, url: jdbc:postgresql://${PG_DB_HOST}:${PG_DB_PORT}/${PG_DB_NAME}?currentSchema=ontology_db, errorCode 0, state null
java.sql.SQLException: connect error, url jdbc:postgresql://${PG_DB_HOST}:${PG_DB_PORT}/${PG_DB_NAME}?currentSchema=ontology_db, driverClass org.postgresql.Driver
	at com.alibaba.druid.pool.DruidAbstractDataSource.createPhysicalConnection(DruidAbstractDataSource.java:1666)
	at com.alibaba.druid.pool.DruidDataSource$CreateConnectionThread.run(DruidDataSource.java:2601)
2023-08-30 15:52:12.770 [Druid-ConnectionPool-Create-1794489296] ERROR c.alibaba.druid.pool.DruidDataSource - create connection SQLException, url: jdbc:postgresql://${PG_DB_HOST}:${PG_DB_PORT}/${PG_DB_NAME}?currentSchema=ontology_db, errorCode 0, state null
java.sql.SQLException: connect error, url jdbc:postgresql://${PG_DB_HOST}:${PG_DB_PORT}/${PG_DB_NAME}?currentSchema=ontology_db, driverClass org.postgresql.Driver
	at com.alibaba.druid.pool.DruidAbstractDataSource.createPhysicalConnection(DruidAbstractDataSource.java:1666)
	at com.alibaba.druid.pool.DruidDataSource$CreateConnectionThread.run(DruidDataSource.java:2601)
2023-08-30 15:52:13.270 [Druid-ConnectionPool-Create-1794489296] ERROR c.alibaba.druid.pool.DruidDataSource - create connection SQLException, url: jdbc:postgresql://${PG_DB_HOST}:${PG_DB_PORT}/${PG_DB_NAME}?currentSchema=ontology_db, errorCode 0, state null
java.sql.SQLException: connect error, url jdbc:postgresql://${PG_DB_HOST}:${PG_DB_PORT}/${PG_DB_NAME}?currentSchema=ontology_db, driverClass org.postgresql.Driver
	at com.alibaba.druid.pool.DruidAbstractDataSource.createPhysicalConnection(DruidAbstractDataSource.java:1666)
	at com.alibaba.druid.pool.DruidDataSource$CreateConnectionThread.run(DruidDataSource.java:2601)
2023-08-30 15:52:13.771 [Druid-ConnectionPool-Create-1794489296] ERROR c.alibaba.druid.pool.DruidDataSource - create connection SQLException, url: jdbc:postgresql://${PG_DB_HOST}:${PG_DB_PORT}/${PG_DB_NAME}?currentSchema=ontology_db, errorCode 0, state null
java.sql.SQLException: connect error, url jdbc:postgresql://${PG_DB_HOST}:${PG_DB_PORT}/${PG_DB_NAME}?currentSchema=ontology_db, driverClass org.postgresql.Driver
	at com.alibaba.druid.pool.DruidAbstractDataSource.createPhysicalConnection(DruidAbstractDataSource.java:1666)
	at com.alibaba.druid.pool.DruidDataSource$CreateConnectionThread.run(DruidDataSource.java:2601)
2023-08-30 15:52:14.271 [Druid-ConnectionPool-Create-1794489296] ERROR c.alibaba.druid.pool.DruidDataSource - create connection SQLException, url: jdbc:postgresql://${PG_DB_HOST}:${PG_DB_PORT}/${PG_DB_NAME}?currentSchema=ontology_db, errorCode 0, state null
java.sql.SQLException: connect error, url jdbc:postgresql://${PG_DB_HOST}:${PG_DB_PORT}/${PG_DB_NAME}?currentSchema=ontology_db, driverClass org.postgresql.Driver
	at com.alibaba.druid.pool.DruidAbstractDataSource.createPhysicalConnection(DruidAbstractDataSource.java:1666)
	at com.alibaba.druid.pool.DruidDataSource$CreateConnectionThread.run(DruidDataSource.java:2601)
2023-08-30 15:52:14.771 [Druid-ConnectionPool-Create-1794489296] ERROR c.alibaba.druid.pool.DruidDataSource - create connection SQLException, url: jdbc:postgresql://${PG_DB_HOST}:${PG_DB_PORT}/${PG_DB_NAME}?currentSchema=ontology_db, errorCode 0, state null
java.sql.SQLException: connect error, url jdbc:postgresql://${PG_DB_HOST}:${PG_DB_PORT}/${PG_DB_NAME}?currentSchema=ontology_db, driverClass org.postgresql.Driver
	at com.alibaba.druid.pool.DruidAbstractDataSource.createPhysicalConnection(DruidAbstractDataSource.java:1666)
	at com.alibaba.druid.pool.DruidDataSource$CreateConnectionThread.run(DruidDataSource.java:2601)
2023-08-30 15:52:15.271 [Druid-ConnectionPool-Create-1794489296] ERROR c.alibaba.druid.pool.DruidDataSource - create connection SQLException, url: jdbc:postgresql://${PG_DB_HOST}:${PG_DB_PORT}/${PG_DB_NAME}?currentSchema=ontology_db, errorCode 0, state null
java.sql.SQLException: connect error, url jdbc:postgresql://${PG_DB_HOST}:${PG_DB_PORT}/${PG_DB_NAME}?currentSchema=ontology_db, driverClass org.postgresql.Driver
	at com.alibaba.druid.pool.DruidAbstractDataSource.createPhysicalConnection(DruidAbstractDataSource.java:1666)
	at com.alibaba.druid.pool.DruidDataSource$CreateConnectionThread.run(DruidDataSource.java:2601)
2023-08-30 15:52:15.771 [Druid-ConnectionPool-Create-1794489296] ERROR c.alibaba.druid.pool.DruidDataSource - create connection SQLException, url: jdbc:postgresql://${PG_DB_HOST}:${PG_DB_PORT}/${PG_DB_NAME}?currentSchema=ontology_db, errorCode 0, state null
java.sql.SQLException: connect error, url jdbc:postgresql://${PG_DB_HOST}:${PG_DB_PORT}/${PG_DB_NAME}?currentSchema=ontology_db, driverClass org.postgresql.Driver
	at com.alibaba.druid.pool.DruidAbstractDataSource.createPhysicalConnection(DruidAbstractDataSource.java:1666)
	at com.alibaba.druid.pool.DruidDataSource$CreateConnectionThread.run(DruidDataSource.java:2601)
2023-08-30 15:52:16.271 [Druid-ConnectionPool-Create-1794489296] ERROR c.alibaba.druid.pool.DruidDataSource - create connection SQLException, url: jdbc:postgresql://${PG_DB_HOST}:${PG_DB_PORT}/${PG_DB_NAME}?currentSchema=ontology_db, errorCode 0, state null
java.sql.SQLException: connect error, url jdbc:postgresql://${PG_DB_HOST}:${PG_DB_PORT}/${PG_DB_NAME}?currentSchema=ontology_db, driverClass org.postgresql.Driver
	at com.alibaba.druid.pool.DruidAbstractDataSource.createPhysicalConnection(DruidAbstractDataSource.java:1666)
	at com.alibaba.druid.pool.DruidDataSource$CreateConnectionThread.run(DruidDataSource.java:2601)
2023-08-30 15:52:16.771 [Druid-ConnectionPool-Create-1794489296] ERROR c.alibaba.druid.pool.DruidDataSource - create connection SQLException, url: jdbc:postgresql://${PG_DB_HOST}:${PG_DB_PORT}/${PG_DB_NAME}?currentSchema=ontology_db, errorCode 0, state null
java.sql.SQLException: connect error, url jdbc:postgresql://${PG_DB_HOST}:${PG_DB_PORT}/${PG_DB_NAME}?currentSchema=ontology_db, driverClass org.postgresql.Driver
	at com.alibaba.druid.pool.DruidAbstractDataSource.createPhysicalConnection(DruidAbstractDataSource.java:1666)
	at com.alibaba.druid.pool.DruidDataSource$CreateConnectionThread.run(DruidDataSource.java:2601)
2023-08-30 16:11:35.705 [Druid-ConnectionPool-Create-187990827] ERROR c.alibaba.druid.pool.DruidDataSource - create connection SQLException, url: jdbc:postgresql://${PG_DB_HOST}:${PG_DB_PORT}/${PG_DB_NAME}?currentSchema=ontology, errorCode 0, state null
java.sql.SQLException: connect error, url jdbc:postgresql://${PG_DB_HOST}:${PG_DB_PORT}/${PG_DB_NAME}?currentSchema=ontology, driverClass org.postgresql.Driver
	at com.alibaba.druid.pool.DruidAbstractDataSource.createPhysicalConnection(DruidAbstractDataSource.java:1666)
	at com.alibaba.druid.pool.DruidDataSource$CreateConnectionThread.run(DruidDataSource.java:2601)
2023-08-30 16:11:35.705 [Druid-ConnectionPool-Create-187990827] ERROR c.alibaba.druid.pool.DruidDataSource - create connection SQLException, url: jdbc:postgresql://${PG_DB_HOST}:${PG_DB_PORT}/${PG_DB_NAME}?currentSchema=ontology, errorCode 0, state null
java.sql.SQLException: connect error, url jdbc:postgresql://${PG_DB_HOST}:${PG_DB_PORT}/${PG_DB_NAME}?currentSchema=ontology, driverClass org.postgresql.Driver
	at com.alibaba.druid.pool.DruidAbstractDataSource.createPhysicalConnection(DruidAbstractDataSource.java:1666)
	at com.alibaba.druid.pool.DruidDataSource$CreateConnectionThread.run(DruidDataSource.java:2601)
2023-08-30 16:11:36.206 [Druid-ConnectionPool-Create-187990827] ERROR c.alibaba.druid.pool.DruidDataSource - create connection SQLException, url: jdbc:postgresql://${PG_DB_HOST}:${PG_DB_PORT}/${PG_DB_NAME}?currentSchema=ontology, errorCode 0, state null
java.sql.SQLException: connect error, url jdbc:postgresql://${PG_DB_HOST}:${PG_DB_PORT}/${PG_DB_NAME}?currentSchema=ontology, driverClass org.postgresql.Driver
	at com.alibaba.druid.pool.DruidAbstractDataSource.createPhysicalConnection(DruidAbstractDataSource.java:1666)
	at com.alibaba.druid.pool.DruidDataSource$CreateConnectionThread.run(DruidDataSource.java:2601)
2023-08-30 16:11:36.706 [Druid-ConnectionPool-Create-187990827] ERROR c.alibaba.druid.pool.DruidDataSource - create connection SQLException, url: jdbc:postgresql://${PG_DB_HOST}:${PG_DB_PORT}/${PG_DB_NAME}?currentSchema=ontology, errorCode 0, state null
java.sql.SQLException: connect error, url jdbc:postgresql://${PG_DB_HOST}:${PG_DB_PORT}/${PG_DB_NAME}?currentSchema=ontology, driverClass org.postgresql.Driver
	at com.alibaba.druid.pool.DruidAbstractDataSource.createPhysicalConnection(DruidAbstractDataSource.java:1666)
	at com.alibaba.druid.pool.DruidDataSource$CreateConnectionThread.run(DruidDataSource.java:2601)
2023-08-30 16:11:37.206 [Druid-ConnectionPool-Create-187990827] ERROR c.alibaba.druid.pool.DruidDataSource - create connection SQLException, url: jdbc:postgresql://${PG_DB_HOST}:${PG_DB_PORT}/${PG_DB_NAME}?currentSchema=ontology, errorCode 0, state null
java.sql.SQLException: connect error, url jdbc:postgresql://${PG_DB_HOST}:${PG_DB_PORT}/${PG_DB_NAME}?currentSchema=ontology, driverClass org.postgresql.Driver
	at com.alibaba.druid.pool.DruidAbstractDataSource.createPhysicalConnection(DruidAbstractDataSource.java:1666)
	at com.alibaba.druid.pool.DruidDataSource$CreateConnectionThread.run(DruidDataSource.java:2601)
2023-08-30 16:11:37.706 [Druid-ConnectionPool-Create-187990827] ERROR c.alibaba.druid.pool.DruidDataSource - create connection SQLException, url: jdbc:postgresql://${PG_DB_HOST}:${PG_DB_PORT}/${PG_DB_NAME}?currentSchema=ontology, errorCode 0, state null
java.sql.SQLException: connect error, url jdbc:postgresql://${PG_DB_HOST}:${PG_DB_PORT}/${PG_DB_NAME}?currentSchema=ontology, driverClass org.postgresql.Driver
	at com.alibaba.druid.pool.DruidAbstractDataSource.createPhysicalConnection(DruidAbstractDataSource.java:1666)
	at com.alibaba.druid.pool.DruidDataSource$CreateConnectionThread.run(DruidDataSource.java:2601)
2023-08-30 16:11:38.206 [Druid-ConnectionPool-Create-187990827] ERROR c.alibaba.druid.pool.DruidDataSource - create connection SQLException, url: jdbc:postgresql://${PG_DB_HOST}:${PG_DB_PORT}/${PG_DB_NAME}?currentSchema=ontology, errorCode 0, state null
java.sql.SQLException: connect error, url jdbc:postgresql://${PG_DB_HOST}:${PG_DB_PORT}/${PG_DB_NAME}?currentSchema=ontology, driverClass org.postgresql.Driver
	at com.alibaba.druid.pool.DruidAbstractDataSource.createPhysicalConnection(DruidAbstractDataSource.java:1666)
	at com.alibaba.druid.pool.DruidDataSource$CreateConnectionThread.run(DruidDataSource.java:2601)
2023-08-30 16:11:38.706 [Druid-ConnectionPool-Create-187990827] ERROR c.alibaba.druid.pool.DruidDataSource - create connection SQLException, url: jdbc:postgresql://${PG_DB_HOST}:${PG_DB_PORT}/${PG_DB_NAME}?currentSchema=ontology, errorCode 0, state null
java.sql.SQLException: connect error, url jdbc:postgresql://${PG_DB_HOST}:${PG_DB_PORT}/${PG_DB_NAME}?currentSchema=ontology, driverClass org.postgresql.Driver
	at com.alibaba.druid.pool.DruidAbstractDataSource.createPhysicalConnection(DruidAbstractDataSource.java:1666)
	at com.alibaba.druid.pool.DruidDataSource$CreateConnectionThread.run(DruidDataSource.java:2601)
2023-08-30 16:11:39.206 [Druid-ConnectionPool-Create-187990827] ERROR c.alibaba.druid.pool.DruidDataSource - create connection SQLException, url: jdbc:postgresql://${PG_DB_HOST}:${PG_DB_PORT}/${PG_DB_NAME}?currentSchema=ontology, errorCode 0, state null
java.sql.SQLException: connect error, url jdbc:postgresql://${PG_DB_HOST}:${PG_DB_PORT}/${PG_DB_NAME}?currentSchema=ontology, driverClass org.postgresql.Driver
	at com.alibaba.druid.pool.DruidAbstractDataSource.createPhysicalConnection(DruidAbstractDataSource.java:1666)
	at com.alibaba.druid.pool.DruidDataSource$CreateConnectionThread.run(DruidDataSource.java:2601)
2023-08-30 16:14:29.908 [Druid-ConnectionPool-Create-187990827] ERROR c.alibaba.druid.pool.DruidDataSource - create connection SQLException, url: jdbc:postgresql://${PG_DB_HOST}:${PG_DB_PORT}/${PG_DB_NAME}?currentSchema=ontology, errorCode 0, state null
java.sql.SQLException: connect error, url jdbc:postgresql://${PG_DB_HOST}:${PG_DB_PORT}/${PG_DB_NAME}?currentSchema=ontology, driverClass org.postgresql.Driver
	at com.alibaba.druid.pool.DruidAbstractDataSource.createPhysicalConnection(DruidAbstractDataSource.java:1666)
	at com.alibaba.druid.pool.DruidDataSource$CreateConnectionThread.run(DruidDataSource.java:2601)
2023-08-30 16:14:29.908 [Druid-ConnectionPool-Create-187990827] ERROR c.alibaba.druid.pool.DruidDataSource - create connection SQLException, url: jdbc:postgresql://${PG_DB_HOST}:${PG_DB_PORT}/${PG_DB_NAME}?currentSchema=ontology, errorCode 0, state null
java.sql.SQLException: connect error, url jdbc:postgresql://${PG_DB_HOST}:${PG_DB_PORT}/${PG_DB_NAME}?currentSchema=ontology, driverClass org.postgresql.Driver
	at com.alibaba.druid.pool.DruidAbstractDataSource.createPhysicalConnection(DruidAbstractDataSource.java:1666)
	at com.alibaba.druid.pool.DruidDataSource$CreateConnectionThread.run(DruidDataSource.java:2601)
2023-08-30 16:14:30.408 [Druid-ConnectionPool-Create-187990827] ERROR c.alibaba.druid.pool.DruidDataSource - create connection SQLException, url: jdbc:postgresql://${PG_DB_HOST}:${PG_DB_PORT}/${PG_DB_NAME}?currentSchema=ontology, errorCode 0, state null
java.sql.SQLException: connect error, url jdbc:postgresql://${PG_DB_HOST}:${PG_DB_PORT}/${PG_DB_NAME}?currentSchema=ontology, driverClass org.postgresql.Driver
	at com.alibaba.druid.pool.DruidAbstractDataSource.createPhysicalConnection(DruidAbstractDataSource.java:1666)
	at com.alibaba.druid.pool.DruidDataSource$CreateConnectionThread.run(DruidDataSource.java:2601)
2023-08-30 16:14:30.908 [Druid-ConnectionPool-Create-187990827] ERROR c.alibaba.druid.pool.DruidDataSource - create connection SQLException, url: jdbc:postgresql://${PG_DB_HOST}:${PG_DB_PORT}/${PG_DB_NAME}?currentSchema=ontology, errorCode 0, state null
java.sql.SQLException: connect error, url jdbc:postgresql://${PG_DB_HOST}:${PG_DB_PORT}/${PG_DB_NAME}?currentSchema=ontology, driverClass org.postgresql.Driver
	at com.alibaba.druid.pool.DruidAbstractDataSource.createPhysicalConnection(DruidAbstractDataSource.java:1666)
	at com.alibaba.druid.pool.DruidDataSource$CreateConnectionThread.run(DruidDataSource.java:2601)
2023-08-30 16:14:31.408 [Druid-ConnectionPool-Create-187990827] ERROR c.alibaba.druid.pool.DruidDataSource - create connection SQLException, url: jdbc:postgresql://${PG_DB_HOST}:${PG_DB_PORT}/${PG_DB_NAME}?currentSchema=ontology, errorCode 0, state null
java.sql.SQLException: connect error, url jdbc:postgresql://${PG_DB_HOST}:${PG_DB_PORT}/${PG_DB_NAME}?currentSchema=ontology, driverClass org.postgresql.Driver
	at com.alibaba.druid.pool.DruidAbstractDataSource.createPhysicalConnection(DruidAbstractDataSource.java:1666)
	at com.alibaba.druid.pool.DruidDataSource$CreateConnectionThread.run(DruidDataSource.java:2601)
2023-08-30 16:14:31.908 [Druid-ConnectionPool-Create-187990827] ERROR c.alibaba.druid.pool.DruidDataSource - create connection SQLException, url: jdbc:postgresql://${PG_DB_HOST}:${PG_DB_PORT}/${PG_DB_NAME}?currentSchema=ontology, errorCode 0, state null
java.sql.SQLException: connect error, url jdbc:postgresql://${PG_DB_HOST}:${PG_DB_PORT}/${PG_DB_NAME}?currentSchema=ontology, driverClass org.postgresql.Driver
	at com.alibaba.druid.pool.DruidAbstractDataSource.createPhysicalConnection(DruidAbstractDataSource.java:1666)
	at com.alibaba.druid.pool.DruidDataSource$CreateConnectionThread.run(DruidDataSource.java:2601)
2023-08-30 16:14:32.408 [Druid-ConnectionPool-Create-187990827] ERROR c.alibaba.druid.pool.DruidDataSource - create connection SQLException, url: jdbc:postgresql://${PG_DB_HOST}:${PG_DB_PORT}/${PG_DB_NAME}?currentSchema=ontology, errorCode 0, state null
java.sql.SQLException: connect error, url jdbc:postgresql://${PG_DB_HOST}:${PG_DB_PORT}/${PG_DB_NAME}?currentSchema=ontology, driverClass org.postgresql.Driver
	at com.alibaba.druid.pool.DruidAbstractDataSource.createPhysicalConnection(DruidAbstractDataSource.java:1666)
	at com.alibaba.druid.pool.DruidDataSource$CreateConnectionThread.run(DruidDataSource.java:2601)
2023-08-30 16:14:32.908 [Druid-ConnectionPool-Create-187990827] ERROR c.alibaba.druid.pool.DruidDataSource - create connection SQLException, url: jdbc:postgresql://${PG_DB_HOST}:${PG_DB_PORT}/${PG_DB_NAME}?currentSchema=ontology, errorCode 0, state null
java.sql.SQLException: connect error, url jdbc:postgresql://${PG_DB_HOST}:${PG_DB_PORT}/${PG_DB_NAME}?currentSchema=ontology, driverClass org.postgresql.Driver
	at com.alibaba.druid.pool.DruidAbstractDataSource.createPhysicalConnection(DruidAbstractDataSource.java:1666)
	at com.alibaba.druid.pool.DruidDataSource$CreateConnectionThread.run(DruidDataSource.java:2601)
2023-08-30 16:14:33.408 [Druid-ConnectionPool-Create-187990827] ERROR c.alibaba.druid.pool.DruidDataSource - create connection SQLException, url: jdbc:postgresql://${PG_DB_HOST}:${PG_DB_PORT}/${PG_DB_NAME}?currentSchema=ontology, errorCode 0, state null
java.sql.SQLException: connect error, url jdbc:postgresql://${PG_DB_HOST}:${PG_DB_PORT}/${PG_DB_NAME}?currentSchema=ontology, driverClass org.postgresql.Driver
	at com.alibaba.druid.pool.DruidAbstractDataSource.createPhysicalConnection(DruidAbstractDataSource.java:1666)
	at com.alibaba.druid.pool.DruidDataSource$CreateConnectionThread.run(DruidDataSource.java:2601)
2023-08-30 16:14:33.908 [Druid-ConnectionPool-Create-187990827] ERROR c.alibaba.druid.pool.DruidDataSource - create connection SQLException, url: jdbc:postgresql://${PG_DB_HOST}:${PG_DB_PORT}/${PG_DB_NAME}?currentSchema=ontology, errorCode 0, state null
java.sql.SQLException: connect error, url jdbc:postgresql://${PG_DB_HOST}:${PG_DB_PORT}/${PG_DB_NAME}?currentSchema=ontology, driverClass org.postgresql.Driver
	at com.alibaba.druid.pool.DruidAbstractDataSource.createPhysicalConnection(DruidAbstractDataSource.java:1666)
	at com.alibaba.druid.pool.DruidDataSource$CreateConnectionThread.run(DruidDataSource.java:2601)
2023-08-30 16:16:29.344 [http-nio-36002-exec-2] ERROR o.a.c.c.C.[.[.[.[dispatcherServlet] - Servlet.service() for servlet [dispatcherServlet] in context with path [/ontology] threw exception [Request processing failed; nested exception is org.springframework.jdbc.BadSqlGrammarException: 
### Error querying database.  Cause: org.postgresql.util.PSQLException: 错误: 操作符不存在: character varying = integer
  建议：没有匹配指定名称和参数类型的操作符. 您也许需要增加明确的类型转换.
  位置：60
### The error may exist in com/aircas/ptr/foundry/ontology/repository/dao/OntologyMapper.java (best guess)
### The error may involve com.aircas.ptr.foundry.ontology.repository.dao.OntologyMapper.queryCountByDomain-Inline
### The error occurred while setting parameters
### SQL: select count(*) from ontology where domain = ? and status = ?
### Cause: org.postgresql.util.PSQLException: 错误: 操作符不存在: character varying = integer
  建议：没有匹配指定名称和参数类型的操作符. 您也许需要增加明确的类型转换.
  位置：60
; bad SQL grammar []; nested exception is org.postgresql.util.PSQLException: 错误: 操作符不存在: character varying = integer
  建议：没有匹配指定名称和参数类型的操作符. 您也许需要增加明确的类型转换.
  位置：60] with root cause
org.postgresql.util.PSQLException: 错误: 操作符不存在: character varying = integer
  建议：没有匹配指定名称和参数类型的操作符. 您也许需要增加明确的类型转换.
  位置：60
	at org.postgresql.core.v3.QueryExecutorImpl.receiveErrorResponse(QueryExecutorImpl.java:2553)
	at org.postgresql.core.v3.QueryExecutorImpl.processResults(QueryExecutorImpl.java:2285)
	at org.postgresql.core.v3.QueryExecutorImpl.execute(QueryExecutorImpl.java:323)
	at org.postgresql.jdbc.PgStatement.executeInternal(PgStatement.java:473)
	at org.postgresql.jdbc.PgStatement.execute(PgStatement.java:393)
	at org.postgresql.jdbc.PgPreparedStatement.executeWithFlags(PgPreparedStatement.java:164)
	at org.postgresql.jdbc.PgPreparedStatement.execute(PgPreparedStatement.java:153)
	at com.alibaba.druid.pool.DruidPooledPreparedStatement.execute(DruidPooledPreparedStatement.java:497)
	at org.apache.ibatis.executor.statement.PreparedStatementHandler.query(PreparedStatementHandler.java:64)
	at org.apache.ibatis.executor.statement.RoutingStatementHandler.query(RoutingStatementHandler.java:79)
	at org.apache.ibatis.executor.SimpleExecutor.doQuery(SimpleExecutor.java:63)
	at org.apache.ibatis.executor.BaseExecutor.queryFromDatabase(BaseExecutor.java:324)
	at org.apache.ibatis.executor.BaseExecutor.query(BaseExecutor.java:156)
	at org.apache.ibatis.executor.CachingExecutor.query(CachingExecutor.java:109)
	at com.github.pagehelper.PageInterceptor.intercept(PageInterceptor.java:108)
	at org.apache.ibatis.plugin.Plugin.invoke(Plugin.java:61)
	at com.sun.proxy.$Proxy144.query(Unknown Source)
	at org.apache.ibatis.session.defaults.DefaultSqlSession.selectList(DefaultSqlSession.java:147)
	at org.apache.ibatis.session.defaults.DefaultSqlSession.selectList(DefaultSqlSession.java:140)
	at org.apache.ibatis.session.defaults.DefaultSqlSession.selectOne(DefaultSqlSession.java:76)
	at sun.reflect.NativeMethodAccessorImpl.invoke0(Native Method)
	at sun.reflect.NativeMethodAccessorImpl.invoke(NativeMethodAccessorImpl.java:62)
	at sun.reflect.DelegatingMethodAccessorImpl.invoke(DelegatingMethodAccessorImpl.java:43)
	at java.lang.reflect.Method.invoke(Method.java:498)
	at org.mybatis.spring.SqlSessionTemplate$SqlSessionInterceptor.invoke(SqlSessionTemplate.java:426)
	at com.sun.proxy.$Proxy92.selectOne(Unknown Source)
	at org.mybatis.spring.SqlSessionTemplate.selectOne(SqlSessionTemplate.java:159)
	at org.apache.ibatis.binding.MapperMethod.execute(MapperMethod.java:87)
	at org.apache.ibatis.binding.MapperProxy$PlainMethodInvoker.invoke(MapperProxy.java:144)
	at org.apache.ibatis.binding.MapperProxy.invoke(MapperProxy.java:85)
	at com.sun.proxy.$Proxy105.queryCountByDomain(Unknown Source)
	at com.aircas.ptr.foundry.ontology.repository.OntologyRepo.queryCountByDomain(OntologyRepo.java:40)
	at com.aircas.ptr.foundry.ontology.repository.OntologyRepo$$FastClassBySpringCGLIB$$6f26e7e1.invoke(<generated>)
	at org.springframework.cglib.proxy.MethodProxy.invoke(MethodProxy.java:218)
	at org.springframework.aop.framework.CglibAopProxy$CglibMethodInvocation.invokeJoinpoint(CglibAopProxy.java:779)
	at org.springframework.aop.framework.ReflectiveMethodInvocation.proceed(ReflectiveMethodInvocation.java:163)
	at org.springframework.aop.framework.CglibAopProxy$CglibMethodInvocation.proceed(CglibAopProxy.java:750)
	at org.springframework.dao.support.PersistenceExceptionTranslationInterceptor.invoke(PersistenceExceptionTranslationInterceptor.java:139)
	at org.springframework.aop.framework.ReflectiveMethodInvocation.proceed(ReflectiveMethodInvocation.java:186)
	at org.springframework.aop.framework.CglibAopProxy$CglibMethodInvocation.proceed(CglibAopProxy.java:750)
	at org.springframework.aop.framework.CglibAopProxy$DynamicAdvisedInterceptor.intercept(CglibAopProxy.java:692)
	at com.aircas.ptr.foundry.ontology.repository.OntologyRepo$$EnhancerBySpringCGLIB$$93a108cc.queryCountByDomain(<generated>)
	at com.aircas.ptr.foundry.ontology.application.service.OntologyService.getCountByDomain(OntologyService.java:45)
	at com.aircas.ptr.foundry.ontology.userinterface.controller.OntologyController.getCountByDomain(OntologyController.java:47)
	at sun.reflect.NativeMethodAccessorImpl.invoke0(Native Method)
	at sun.reflect.NativeMethodAccessorImpl.invoke(NativeMethodAccessorImpl.java:62)
	at sun.reflect.DelegatingMethodAccessorImpl.invoke(DelegatingMethodAccessorImpl.java:43)
	at java.lang.reflect.Method.invoke(Method.java:498)
	at org.springframework.web.method.support.InvocableHandlerMethod.doInvoke(InvocableHandlerMethod.java:190)
	at org.springframework.web.method.support.InvocableHandlerMethod.invokeForRequest(InvocableHandlerMethod.java:138)
	at org.springframework.web.servlet.mvc.method.annotation.ServletInvocableHandlerMethod.invokeAndHandle(ServletInvocableHandlerMethod.java:105)
	at org.springframework.web.servlet.mvc.method.annotation.RequestMappingHandlerAdapter.invokeHandlerMethod(RequestMappingHandlerAdapter.java:878)
	at org.springframework.web.servlet.mvc.method.annotation.RequestMappingHandlerAdapter.handleInternal(RequestMappingHandlerAdapter.java:792)
	at org.springframework.web.servlet.mvc.method.AbstractHandlerMethodAdapter.handle(AbstractHandlerMethodAdapter.java:87)
	at org.springframework.web.servlet.DispatcherServlet.doDispatch(DispatcherServlet.java:1040)
	at org.springframework.web.servlet.DispatcherServlet.doService(DispatcherServlet.java:943)
	at org.springframework.web.servlet.FrameworkServlet.processRequest(FrameworkServlet.java:1006)
	at org.springframework.web.servlet.FrameworkServlet.doGet(FrameworkServlet.java:898)
	at javax.servlet.http.HttpServlet.service(HttpServlet.java:626)
	at org.springframework.web.servlet.FrameworkServlet.service(FrameworkServlet.java:883)
	at javax.servlet.http.HttpServlet.service(HttpServlet.java:733)
	at org.apache.catalina.core.ApplicationFilterChain.internalDoFilter(ApplicationFilterChain.java:227)
	at org.apache.catalina.core.ApplicationFilterChain.doFilter(ApplicationFilterChain.java:162)
	at org.apache.tomcat.websocket.server.WsFilter.doFilter(WsFilter.java:53)
	at org.apache.catalina.core.ApplicationFilterChain.internalDoFilter(ApplicationFilterChain.java:189)
	at org.apache.catalina.core.ApplicationFilterChain.doFilter(ApplicationFilterChain.java:162)
	at org.springframework.web.filter.RequestContextFilter.doFilterInternal(RequestContextFilter.java:100)
	at org.springframework.web.filter.OncePerRequestFilter.doFilter(OncePerRequestFilter.java:119)
	at org.apache.catalina.core.ApplicationFilterChain.internalDoFilter(ApplicationFilterChain.java:189)
	at org.apache.catalina.core.ApplicationFilterChain.doFilter(ApplicationFilterChain.java:162)
	at org.springframework.web.filter.FormContentFilter.doFilterInternal(FormContentFilter.java:93)
	at org.springframework.web.filter.OncePerRequestFilter.doFilter(OncePerRequestFilter.java:119)
	at org.apache.catalina.core.ApplicationFilterChain.internalDoFilter(ApplicationFilterChain.java:189)
	at org.apache.catalina.core.ApplicationFilterChain.doFilter(ApplicationFilterChain.java:162)
	at org.springframework.web.filter.CharacterEncodingFilter.doFilterInternal(CharacterEncodingFilter.java:201)
	at org.springframework.web.filter.OncePerRequestFilter.doFilter(OncePerRequestFilter.java:119)
	at org.apache.catalina.core.ApplicationFilterChain.internalDoFilter(ApplicationFilterChain.java:189)
	at org.apache.catalina.core.ApplicationFilterChain.doFilter(ApplicationFilterChain.java:162)
	at org.apache.catalina.core.StandardWrapperValve.invoke(StandardWrapperValve.java:202)
	at org.apache.catalina.core.StandardContextValve.invoke(StandardContextValve.java:97)
	at org.apache.catalina.authenticator.AuthenticatorBase.invoke(AuthenticatorBase.java:542)
	at org.apache.catalina.core.StandardHostValve.invoke(StandardHostValve.java:143)
	at org.apache.catalina.valves.ErrorReportValve.invoke(ErrorReportValve.java:92)
	at org.apache.catalina.core.StandardEngineValve.invoke(StandardEngineValve.java:78)
	at org.apache.catalina.connector.CoyoteAdapter.service(CoyoteAdapter.java:357)
	at org.apache.coyote.http11.Http11Processor.service(Http11Processor.java:374)
	at org.apache.coyote.AbstractProcessorLight.process(AbstractProcessorLight.java:65)
	at org.apache.coyote.AbstractProtocol$ConnectionHandler.process(AbstractProtocol.java:893)
	at org.apache.tomcat.util.net.NioEndpoint$SocketProcessor.doRun(NioEndpoint.java:1707)
	at org.apache.tomcat.util.net.SocketProcessorBase.run(SocketProcessorBase.java:49)
	at java.util.concurrent.ThreadPoolExecutor.runWorker(ThreadPoolExecutor.java:1149)
	at java.util.concurrent.ThreadPoolExecutor$Worker.run(ThreadPoolExecutor.java:624)
	at org.apache.tomcat.util.threads.TaskThread$WrappingRunnable.run(TaskThread.java:61)
	at java.lang.Thread.run(Thread.java:748)
2023-08-30 16:17:05.055 [http-nio-36002-exec-3] ERROR o.a.c.c.C.[.[.[.[dispatcherServlet] - Servlet.service() for servlet [dispatcherServlet] in context with path [/ontology] threw exception [Request processing failed; nested exception is org.springframework.jdbc.BadSqlGrammarException: 
### Error querying database.  Cause: org.postgresql.util.PSQLException: 错误: 操作符不存在: character varying = integer
  建议：没有匹配指定名称和参数类型的操作符. 您也许需要增加明确的类型转换.
  位置：60
### The error may exist in com/aircas/ptr/foundry/ontology/repository/dao/OntologyMapper.java (best guess)
### The error may involve com.aircas.ptr.foundry.ontology.repository.dao.OntologyMapper.queryCountByDomain-Inline
### The error occurred while setting parameters
### SQL: select count(*) from ontology where domain = ? and status = ?
### Cause: org.postgresql.util.PSQLException: 错误: 操作符不存在: character varying = integer
  建议：没有匹配指定名称和参数类型的操作符. 您也许需要增加明确的类型转换.
  位置：60
; bad SQL grammar []; nested exception is org.postgresql.util.PSQLException: 错误: 操作符不存在: character varying = integer
  建议：没有匹配指定名称和参数类型的操作符. 您也许需要增加明确的类型转换.
  位置：60] with root cause
org.postgresql.util.PSQLException: 错误: 操作符不存在: character varying = integer
  建议：没有匹配指定名称和参数类型的操作符. 您也许需要增加明确的类型转换.
  位置：60
	at org.postgresql.core.v3.QueryExecutorImpl.receiveErrorResponse(QueryExecutorImpl.java:2553)
	at org.postgresql.core.v3.QueryExecutorImpl.processResults(QueryExecutorImpl.java:2285)
	at org.postgresql.core.v3.QueryExecutorImpl.execute(QueryExecutorImpl.java:323)
	at org.postgresql.jdbc.PgStatement.executeInternal(PgStatement.java:473)
	at org.postgresql.jdbc.PgStatement.execute(PgStatement.java:393)
	at org.postgresql.jdbc.PgPreparedStatement.executeWithFlags(PgPreparedStatement.java:164)
	at org.postgresql.jdbc.PgPreparedStatement.execute(PgPreparedStatement.java:153)
	at com.alibaba.druid.pool.DruidPooledPreparedStatement.execute(DruidPooledPreparedStatement.java:497)
	at org.apache.ibatis.executor.statement.PreparedStatementHandler.query(PreparedStatementHandler.java:64)
	at org.apache.ibatis.executor.statement.RoutingStatementHandler.query(RoutingStatementHandler.java:79)
	at org.apache.ibatis.executor.SimpleExecutor.doQuery(SimpleExecutor.java:63)
	at org.apache.ibatis.executor.BaseExecutor.queryFromDatabase(BaseExecutor.java:324)
	at org.apache.ibatis.executor.BaseExecutor.query(BaseExecutor.java:156)
	at org.apache.ibatis.executor.CachingExecutor.query(CachingExecutor.java:109)
	at com.github.pagehelper.PageInterceptor.intercept(PageInterceptor.java:108)
	at org.apache.ibatis.plugin.Plugin.invoke(Plugin.java:61)
	at com.sun.proxy.$Proxy144.query(Unknown Source)
	at org.apache.ibatis.session.defaults.DefaultSqlSession.selectList(DefaultSqlSession.java:147)
	at org.apache.ibatis.session.defaults.DefaultSqlSession.selectList(DefaultSqlSession.java:140)
	at org.apache.ibatis.session.defaults.DefaultSqlSession.selectOne(DefaultSqlSession.java:76)
	at sun.reflect.NativeMethodAccessorImpl.invoke0(Native Method)
	at sun.reflect.NativeMethodAccessorImpl.invoke(NativeMethodAccessorImpl.java:62)
	at sun.reflect.DelegatingMethodAccessorImpl.invoke(DelegatingMethodAccessorImpl.java:43)
	at java.lang.reflect.Method.invoke(Method.java:498)
	at org.mybatis.spring.SqlSessionTemplate$SqlSessionInterceptor.invoke(SqlSessionTemplate.java:426)
	at com.sun.proxy.$Proxy92.selectOne(Unknown Source)
	at org.mybatis.spring.SqlSessionTemplate.selectOne(SqlSessionTemplate.java:159)
	at org.apache.ibatis.binding.MapperMethod.execute(MapperMethod.java:87)
	at org.apache.ibatis.binding.MapperProxy$PlainMethodInvoker.invoke(MapperProxy.java:144)
	at org.apache.ibatis.binding.MapperProxy.invoke(MapperProxy.java:85)
	at com.sun.proxy.$Proxy105.queryCountByDomain(Unknown Source)
	at com.aircas.ptr.foundry.ontology.repository.OntologyRepo.queryCountByDomain(OntologyRepo.java:40)
	at com.aircas.ptr.foundry.ontology.repository.OntologyRepo$$FastClassBySpringCGLIB$$6f26e7e1.invoke(<generated>)
	at org.springframework.cglib.proxy.MethodProxy.invoke(MethodProxy.java:218)
	at org.springframework.aop.framework.CglibAopProxy$CglibMethodInvocation.invokeJoinpoint(CglibAopProxy.java:779)
	at org.springframework.aop.framework.ReflectiveMethodInvocation.proceed(ReflectiveMethodInvocation.java:163)
	at org.springframework.aop.framework.CglibAopProxy$CglibMethodInvocation.proceed(CglibAopProxy.java:750)
	at org.springframework.dao.support.PersistenceExceptionTranslationInterceptor.invoke(PersistenceExceptionTranslationInterceptor.java:139)
	at org.springframework.aop.framework.ReflectiveMethodInvocation.proceed(ReflectiveMethodInvocation.java:186)
	at org.springframework.aop.framework.CglibAopProxy$CglibMethodInvocation.proceed(CglibAopProxy.java:750)
	at org.springframework.aop.framework.CglibAopProxy$DynamicAdvisedInterceptor.intercept(CglibAopProxy.java:692)
	at com.aircas.ptr.foundry.ontology.repository.OntologyRepo$$EnhancerBySpringCGLIB$$93a108cc.queryCountByDomain(<generated>)
	at com.aircas.ptr.foundry.ontology.application.service.OntologyService.getCountByDomain(OntologyService.java:45)
	at com.aircas.ptr.foundry.ontology.userinterface.controller.OntologyController.getCountByDomain(OntologyController.java:47)
	at sun.reflect.NativeMethodAccessorImpl.invoke0(Native Method)
	at sun.reflect.NativeMethodAccessorImpl.invoke(NativeMethodAccessorImpl.java:62)
	at sun.reflect.DelegatingMethodAccessorImpl.invoke(DelegatingMethodAccessorImpl.java:43)
	at java.lang.reflect.Method.invoke(Method.java:498)
	at org.springframework.web.method.support.InvocableHandlerMethod.doInvoke(InvocableHandlerMethod.java:190)
	at org.springframework.web.method.support.InvocableHandlerMethod.invokeForRequest(InvocableHandlerMethod.java:138)
	at org.springframework.web.servlet.mvc.method.annotation.ServletInvocableHandlerMethod.invokeAndHandle(ServletInvocableHandlerMethod.java:105)
	at org.springframework.web.servlet.mvc.method.annotation.RequestMappingHandlerAdapter.invokeHandlerMethod(RequestMappingHandlerAdapter.java:878)
	at org.springframework.web.servlet.mvc.method.annotation.RequestMappingHandlerAdapter.handleInternal(RequestMappingHandlerAdapter.java:792)
	at org.springframework.web.servlet.mvc.method.AbstractHandlerMethodAdapter.handle(AbstractHandlerMethodAdapter.java:87)
	at org.springframework.web.servlet.DispatcherServlet.doDispatch(DispatcherServlet.java:1040)
	at org.springframework.web.servlet.DispatcherServlet.doService(DispatcherServlet.java:943)
	at org.springframework.web.servlet.FrameworkServlet.processRequest(FrameworkServlet.java:1006)
	at org.springframework.web.servlet.FrameworkServlet.doGet(FrameworkServlet.java:898)
	at javax.servlet.http.HttpServlet.service(HttpServlet.java:626)
	at org.springframework.web.servlet.FrameworkServlet.service(FrameworkServlet.java:883)
	at javax.servlet.http.HttpServlet.service(HttpServlet.java:733)
	at org.apache.catalina.core.ApplicationFilterChain.internalDoFilter(ApplicationFilterChain.java:227)
	at org.apache.catalina.core.ApplicationFilterChain.doFilter(ApplicationFilterChain.java:162)
	at org.apache.tomcat.websocket.server.WsFilter.doFilter(WsFilter.java:53)
	at org.apache.catalina.core.ApplicationFilterChain.internalDoFilter(ApplicationFilterChain.java:189)
	at org.apache.catalina.core.ApplicationFilterChain.doFilter(ApplicationFilterChain.java:162)
	at org.springframework.web.filter.RequestContextFilter.doFilterInternal(RequestContextFilter.java:100)
	at org.springframework.web.filter.OncePerRequestFilter.doFilter(OncePerRequestFilter.java:119)
	at org.apache.catalina.core.ApplicationFilterChain.internalDoFilter(ApplicationFilterChain.java:189)
	at org.apache.catalina.core.ApplicationFilterChain.doFilter(ApplicationFilterChain.java:162)
	at org.springframework.web.filter.FormContentFilter.doFilterInternal(FormContentFilter.java:93)
	at org.springframework.web.filter.OncePerRequestFilter.doFilter(OncePerRequestFilter.java:119)
	at org.apache.catalina.core.ApplicationFilterChain.internalDoFilter(ApplicationFilterChain.java:189)
	at org.apache.catalina.core.ApplicationFilterChain.doFilter(ApplicationFilterChain.java:162)
	at org.springframework.web.filter.CharacterEncodingFilter.doFilterInternal(CharacterEncodingFilter.java:201)
	at org.springframework.web.filter.OncePerRequestFilter.doFilter(OncePerRequestFilter.java:119)
	at org.apache.catalina.core.ApplicationFilterChain.internalDoFilter(ApplicationFilterChain.java:189)
	at org.apache.catalina.core.ApplicationFilterChain.doFilter(ApplicationFilterChain.java:162)
	at org.apache.catalina.core.StandardWrapperValve.invoke(StandardWrapperValve.java:202)
	at org.apache.catalina.core.StandardContextValve.invoke(StandardContextValve.java:97)
	at org.apache.catalina.authenticator.AuthenticatorBase.invoke(AuthenticatorBase.java:542)
	at org.apache.catalina.core.StandardHostValve.invoke(StandardHostValve.java:143)
	at org.apache.catalina.valves.ErrorReportValve.invoke(ErrorReportValve.java:92)
	at org.apache.catalina.core.StandardEngineValve.invoke(StandardEngineValve.java:78)
	at org.apache.catalina.connector.CoyoteAdapter.service(CoyoteAdapter.java:357)
	at org.apache.coyote.http11.Http11Processor.service(Http11Processor.java:374)
	at org.apache.coyote.AbstractProcessorLight.process(AbstractProcessorLight.java:65)
	at org.apache.coyote.AbstractProtocol$ConnectionHandler.process(AbstractProtocol.java:893)
	at org.apache.tomcat.util.net.NioEndpoint$SocketProcessor.doRun(NioEndpoint.java:1707)
	at org.apache.tomcat.util.net.SocketProcessorBase.run(SocketProcessorBase.java:49)
	at java.util.concurrent.ThreadPoolExecutor.runWorker(ThreadPoolExecutor.java:1149)
	at java.util.concurrent.ThreadPoolExecutor$Worker.run(ThreadPoolExecutor.java:624)
	at org.apache.tomcat.util.threads.TaskThread$WrappingRunnable.run(TaskThread.java:61)
	at java.lang.Thread.run(Thread.java:748)
2023-08-30 16:17:14.033 [http-nio-36002-exec-4] ERROR o.a.c.c.C.[.[.[.[dispatcherServlet] - Servlet.service() for servlet [dispatcherServlet] in context with path [/ontology] threw exception [Request processing failed; nested exception is org.springframework.jdbc.BadSqlGrammarException: 
### Error querying database.  Cause: org.postgresql.util.PSQLException: 错误: 操作符不存在: character varying = integer
  建议：没有匹配指定名称和参数类型的操作符. 您也许需要增加明确的类型转换.
  位置：60
### The error may exist in com/aircas/ptr/foundry/ontology/repository/dao/OntologyMapper.java (best guess)
### The error may involve com.aircas.ptr.foundry.ontology.repository.dao.OntologyMapper.queryCountByDomain-Inline
### The error occurred while setting parameters
### SQL: select count(*) from ontology where domain = ? and status = ?
### Cause: org.postgresql.util.PSQLException: 错误: 操作符不存在: character varying = integer
  建议：没有匹配指定名称和参数类型的操作符. 您也许需要增加明确的类型转换.
  位置：60
; bad SQL grammar []; nested exception is org.postgresql.util.PSQLException: 错误: 操作符不存在: character varying = integer
  建议：没有匹配指定名称和参数类型的操作符. 您也许需要增加明确的类型转换.
  位置：60] with root cause
org.postgresql.util.PSQLException: 错误: 操作符不存在: character varying = integer
  建议：没有匹配指定名称和参数类型的操作符. 您也许需要增加明确的类型转换.
  位置：60
	at org.postgresql.core.v3.QueryExecutorImpl.receiveErrorResponse(QueryExecutorImpl.java:2553)
	at org.postgresql.core.v3.QueryExecutorImpl.processResults(QueryExecutorImpl.java:2285)
	at org.postgresql.core.v3.QueryExecutorImpl.execute(QueryExecutorImpl.java:323)
	at org.postgresql.jdbc.PgStatement.executeInternal(PgStatement.java:473)
	at org.postgresql.jdbc.PgStatement.execute(PgStatement.java:393)
	at org.postgresql.jdbc.PgPreparedStatement.executeWithFlags(PgPreparedStatement.java:164)
	at org.postgresql.jdbc.PgPreparedStatement.execute(PgPreparedStatement.java:153)
	at com.alibaba.druid.pool.DruidPooledPreparedStatement.execute(DruidPooledPreparedStatement.java:497)
	at org.apache.ibatis.executor.statement.PreparedStatementHandler.query(PreparedStatementHandler.java:64)
	at org.apache.ibatis.executor.statement.RoutingStatementHandler.query(RoutingStatementHandler.java:79)
	at org.apache.ibatis.executor.SimpleExecutor.doQuery(SimpleExecutor.java:63)
	at org.apache.ibatis.executor.BaseExecutor.queryFromDatabase(BaseExecutor.java:324)
	at org.apache.ibatis.executor.BaseExecutor.query(BaseExecutor.java:156)
	at org.apache.ibatis.executor.CachingExecutor.query(CachingExecutor.java:109)
	at com.github.pagehelper.PageInterceptor.intercept(PageInterceptor.java:108)
	at org.apache.ibatis.plugin.Plugin.invoke(Plugin.java:61)
	at com.sun.proxy.$Proxy144.query(Unknown Source)
	at org.apache.ibatis.session.defaults.DefaultSqlSession.selectList(DefaultSqlSession.java:147)
	at org.apache.ibatis.session.defaults.DefaultSqlSession.selectList(DefaultSqlSession.java:140)
	at org.apache.ibatis.session.defaults.DefaultSqlSession.selectOne(DefaultSqlSession.java:76)
	at sun.reflect.NativeMethodAccessorImpl.invoke0(Native Method)
	at sun.reflect.NativeMethodAccessorImpl.invoke(NativeMethodAccessorImpl.java:62)
	at sun.reflect.DelegatingMethodAccessorImpl.invoke(DelegatingMethodAccessorImpl.java:43)
	at java.lang.reflect.Method.invoke(Method.java:498)
	at org.mybatis.spring.SqlSessionTemplate$SqlSessionInterceptor.invoke(SqlSessionTemplate.java:426)
	at com.sun.proxy.$Proxy92.selectOne(Unknown Source)
	at org.mybatis.spring.SqlSessionTemplate.selectOne(SqlSessionTemplate.java:159)
	at org.apache.ibatis.binding.MapperMethod.execute(MapperMethod.java:87)
	at org.apache.ibatis.binding.MapperProxy$PlainMethodInvoker.invoke(MapperProxy.java:144)
	at org.apache.ibatis.binding.MapperProxy.invoke(MapperProxy.java:85)
	at com.sun.proxy.$Proxy105.queryCountByDomain(Unknown Source)
	at com.aircas.ptr.foundry.ontology.repository.OntologyRepo.queryCountByDomain(OntologyRepo.java:40)
	at com.aircas.ptr.foundry.ontology.repository.OntologyRepo$$FastClassBySpringCGLIB$$6f26e7e1.invoke(<generated>)
	at org.springframework.cglib.proxy.MethodProxy.invoke(MethodProxy.java:218)
	at org.springframework.aop.framework.CglibAopProxy$CglibMethodInvocation.invokeJoinpoint(CglibAopProxy.java:779)
	at org.springframework.aop.framework.ReflectiveMethodInvocation.proceed(ReflectiveMethodInvocation.java:163)
	at org.springframework.aop.framework.CglibAopProxy$CglibMethodInvocation.proceed(CglibAopProxy.java:750)
	at org.springframework.dao.support.PersistenceExceptionTranslationInterceptor.invoke(PersistenceExceptionTranslationInterceptor.java:139)
	at org.springframework.aop.framework.ReflectiveMethodInvocation.proceed(ReflectiveMethodInvocation.java:186)
	at org.springframework.aop.framework.CglibAopProxy$CglibMethodInvocation.proceed(CglibAopProxy.java:750)
	at org.springframework.aop.framework.CglibAopProxy$DynamicAdvisedInterceptor.intercept(CglibAopProxy.java:692)
	at com.aircas.ptr.foundry.ontology.repository.OntologyRepo$$EnhancerBySpringCGLIB$$93a108cc.queryCountByDomain(<generated>)
	at com.aircas.ptr.foundry.ontology.application.service.OntologyService.getCountByDomain(OntologyService.java:45)
	at com.aircas.ptr.foundry.ontology.userinterface.controller.OntologyController.getCountByDomain(OntologyController.java:47)
	at sun.reflect.NativeMethodAccessorImpl.invoke0(Native Method)
	at sun.reflect.NativeMethodAccessorImpl.invoke(NativeMethodAccessorImpl.java:62)
	at sun.reflect.DelegatingMethodAccessorImpl.invoke(DelegatingMethodAccessorImpl.java:43)
	at java.lang.reflect.Method.invoke(Method.java:498)
	at org.springframework.web.method.support.InvocableHandlerMethod.doInvoke(InvocableHandlerMethod.java:190)
	at org.springframework.web.method.support.InvocableHandlerMethod.invokeForRequest(InvocableHandlerMethod.java:138)
	at org.springframework.web.servlet.mvc.method.annotation.ServletInvocableHandlerMethod.invokeAndHandle(ServletInvocableHandlerMethod.java:105)
	at org.springframework.web.servlet.mvc.method.annotation.RequestMappingHandlerAdapter.invokeHandlerMethod(RequestMappingHandlerAdapter.java:878)
	at org.springframework.web.servlet.mvc.method.annotation.RequestMappingHandlerAdapter.handleInternal(RequestMappingHandlerAdapter.java:792)
	at org.springframework.web.servlet.mvc.method.AbstractHandlerMethodAdapter.handle(AbstractHandlerMethodAdapter.java:87)
	at org.springframework.web.servlet.DispatcherServlet.doDispatch(DispatcherServlet.java:1040)
	at org.springframework.web.servlet.DispatcherServlet.doService(DispatcherServlet.java:943)
	at org.springframework.web.servlet.FrameworkServlet.processRequest(FrameworkServlet.java:1006)
	at org.springframework.web.servlet.FrameworkServlet.doGet(FrameworkServlet.java:898)
	at javax.servlet.http.HttpServlet.service(HttpServlet.java:626)
	at org.springframework.web.servlet.FrameworkServlet.service(FrameworkServlet.java:883)
	at javax.servlet.http.HttpServlet.service(HttpServlet.java:733)
	at org.apache.catalina.core.ApplicationFilterChain.internalDoFilter(ApplicationFilterChain.java:227)
	at org.apache.catalina.core.ApplicationFilterChain.doFilter(ApplicationFilterChain.java:162)
	at org.apache.tomcat.websocket.server.WsFilter.doFilter(WsFilter.java:53)
	at org.apache.catalina.core.ApplicationFilterChain.internalDoFilter(ApplicationFilterChain.java:189)
	at org.apache.catalina.core.ApplicationFilterChain.doFilter(ApplicationFilterChain.java:162)
	at org.springframework.web.filter.RequestContextFilter.doFilterInternal(RequestContextFilter.java:100)
	at org.springframework.web.filter.OncePerRequestFilter.doFilter(OncePerRequestFilter.java:119)
	at org.apache.catalina.core.ApplicationFilterChain.internalDoFilter(ApplicationFilterChain.java:189)
	at org.apache.catalina.core.ApplicationFilterChain.doFilter(ApplicationFilterChain.java:162)
	at org.springframework.web.filter.FormContentFilter.doFilterInternal(FormContentFilter.java:93)
	at org.springframework.web.filter.OncePerRequestFilter.doFilter(OncePerRequestFilter.java:119)
	at org.apache.catalina.core.ApplicationFilterChain.internalDoFilter(ApplicationFilterChain.java:189)
	at org.apache.catalina.core.ApplicationFilterChain.doFilter(ApplicationFilterChain.java:162)
	at org.springframework.web.filter.CharacterEncodingFilter.doFilterInternal(CharacterEncodingFilter.java:201)
	at org.springframework.web.filter.OncePerRequestFilter.doFilter(OncePerRequestFilter.java:119)
	at org.apache.catalina.core.ApplicationFilterChain.internalDoFilter(ApplicationFilterChain.java:189)
	at org.apache.catalina.core.ApplicationFilterChain.doFilter(ApplicationFilterChain.java:162)
	at org.apache.catalina.core.StandardWrapperValve.invoke(StandardWrapperValve.java:202)
	at org.apache.catalina.core.StandardContextValve.invoke(StandardContextValve.java:97)
	at org.apache.catalina.authenticator.AuthenticatorBase.invoke(AuthenticatorBase.java:542)
	at org.apache.catalina.core.StandardHostValve.invoke(StandardHostValve.java:143)
	at org.apache.catalina.valves.ErrorReportValve.invoke(ErrorReportValve.java:92)
	at org.apache.catalina.core.StandardEngineValve.invoke(StandardEngineValve.java:78)
	at org.apache.catalina.connector.CoyoteAdapter.service(CoyoteAdapter.java:357)
	at org.apache.coyote.http11.Http11Processor.service(Http11Processor.java:374)
	at org.apache.coyote.AbstractProcessorLight.process(AbstractProcessorLight.java:65)
	at org.apache.coyote.AbstractProtocol$ConnectionHandler.process(AbstractProtocol.java:893)
	at org.apache.tomcat.util.net.NioEndpoint$SocketProcessor.doRun(NioEndpoint.java:1707)
	at org.apache.tomcat.util.net.SocketProcessorBase.run(SocketProcessorBase.java:49)
	at java.util.concurrent.ThreadPoolExecutor.runWorker(ThreadPoolExecutor.java:1149)
	at java.util.concurrent.ThreadPoolExecutor$Worker.run(ThreadPoolExecutor.java:624)
	at org.apache.tomcat.util.threads.TaskThread$WrappingRunnable.run(TaskThread.java:61)
	at java.lang.Thread.run(Thread.java:748)
2023-08-30 16:19:11.155 [http-nio-36002-exec-1] ERROR o.a.c.c.C.[.[.[.[dispatcherServlet] - Servlet.service() for servlet [dispatcherServlet] in context with path [/ontology] threw exception [Request processing failed; nested exception is org.springframework.jdbc.BadSqlGrammarException: 
### Error querying database.  Cause: org.postgresql.util.PSQLException: 错误: 操作符不存在: character varying = integer
  建议：没有匹配指定名称和参数类型的操作符. 您也许需要增加明确的类型转换.
  位置：60
### The error may exist in com/aircas/ptr/foundry/ontology/repository/dao/OntologyMapper.java (best guess)
### The error may involve com.aircas.ptr.foundry.ontology.repository.dao.OntologyMapper.queryCountByDomain-Inline
### The error occurred while setting parameters
### SQL: select count(*) from ontology where domain = ? and status = ?
### Cause: org.postgresql.util.PSQLException: 错误: 操作符不存在: character varying = integer
  建议：没有匹配指定名称和参数类型的操作符. 您也许需要增加明确的类型转换.
  位置：60
; bad SQL grammar []; nested exception is org.postgresql.util.PSQLException: 错误: 操作符不存在: character varying = integer
  建议：没有匹配指定名称和参数类型的操作符. 您也许需要增加明确的类型转换.
  位置：60] with root cause
org.postgresql.util.PSQLException: 错误: 操作符不存在: character varying = integer
  建议：没有匹配指定名称和参数类型的操作符. 您也许需要增加明确的类型转换.
  位置：60
	at org.postgresql.core.v3.QueryExecutorImpl.receiveErrorResponse(QueryExecutorImpl.java:2553)
	at org.postgresql.core.v3.QueryExecutorImpl.processResults(QueryExecutorImpl.java:2285)
	at org.postgresql.core.v3.QueryExecutorImpl.execute(QueryExecutorImpl.java:323)
	at org.postgresql.jdbc.PgStatement.executeInternal(PgStatement.java:473)
	at org.postgresql.jdbc.PgStatement.execute(PgStatement.java:393)
	at org.postgresql.jdbc.PgPreparedStatement.executeWithFlags(PgPreparedStatement.java:164)
	at org.postgresql.jdbc.PgPreparedStatement.execute(PgPreparedStatement.java:153)
	at com.alibaba.druid.pool.DruidPooledPreparedStatement.execute(DruidPooledPreparedStatement.java:497)
	at org.apache.ibatis.executor.statement.PreparedStatementHandler.query(PreparedStatementHandler.java:64)
	at org.apache.ibatis.executor.statement.RoutingStatementHandler.query(RoutingStatementHandler.java:79)
	at org.apache.ibatis.executor.SimpleExecutor.doQuery(SimpleExecutor.java:63)
	at org.apache.ibatis.executor.BaseExecutor.queryFromDatabase(BaseExecutor.java:324)
	at org.apache.ibatis.executor.BaseExecutor.query(BaseExecutor.java:156)
	at org.apache.ibatis.executor.CachingExecutor.query(CachingExecutor.java:109)
	at com.github.pagehelper.PageInterceptor.intercept(PageInterceptor.java:108)
	at org.apache.ibatis.plugin.Plugin.invoke(Plugin.java:61)
	at com.sun.proxy.$Proxy145.query(Unknown Source)
	at org.apache.ibatis.session.defaults.DefaultSqlSession.selectList(DefaultSqlSession.java:147)
	at org.apache.ibatis.session.defaults.DefaultSqlSession.selectList(DefaultSqlSession.java:140)
	at org.apache.ibatis.session.defaults.DefaultSqlSession.selectOne(DefaultSqlSession.java:76)
	at sun.reflect.NativeMethodAccessorImpl.invoke0(Native Method)
	at sun.reflect.NativeMethodAccessorImpl.invoke(NativeMethodAccessorImpl.java:62)
	at sun.reflect.DelegatingMethodAccessorImpl.invoke(DelegatingMethodAccessorImpl.java:43)
	at java.lang.reflect.Method.invoke(Method.java:498)
	at org.mybatis.spring.SqlSessionTemplate$SqlSessionInterceptor.invoke(SqlSessionTemplate.java:426)
	at com.sun.proxy.$Proxy92.selectOne(Unknown Source)
	at org.mybatis.spring.SqlSessionTemplate.selectOne(SqlSessionTemplate.java:159)
	at org.apache.ibatis.binding.MapperMethod.execute(MapperMethod.java:87)
	at org.apache.ibatis.binding.MapperProxy$PlainMethodInvoker.invoke(MapperProxy.java:144)
	at org.apache.ibatis.binding.MapperProxy.invoke(MapperProxy.java:85)
	at com.sun.proxy.$Proxy105.queryCountByDomain(Unknown Source)
	at com.aircas.ptr.foundry.ontology.repository.OntologyRepo.queryCountByDomain(OntologyRepo.java:40)
	at com.aircas.ptr.foundry.ontology.repository.OntologyRepo$$FastClassBySpringCGLIB$$6f26e7e1.invoke(<generated>)
	at org.springframework.cglib.proxy.MethodProxy.invoke(MethodProxy.java:218)
	at org.springframework.aop.framework.CglibAopProxy$CglibMethodInvocation.invokeJoinpoint(CglibAopProxy.java:779)
	at org.springframework.aop.framework.ReflectiveMethodInvocation.proceed(ReflectiveMethodInvocation.java:163)
	at org.springframework.aop.framework.CglibAopProxy$CglibMethodInvocation.proceed(CglibAopProxy.java:750)
	at org.springframework.dao.support.PersistenceExceptionTranslationInterceptor.invoke(PersistenceExceptionTranslationInterceptor.java:139)
	at org.springframework.aop.framework.ReflectiveMethodInvocation.proceed(ReflectiveMethodInvocation.java:186)
	at org.springframework.aop.framework.CglibAopProxy$CglibMethodInvocation.proceed(CglibAopProxy.java:750)
	at org.springframework.aop.framework.CglibAopProxy$DynamicAdvisedInterceptor.intercept(CglibAopProxy.java:692)
	at com.aircas.ptr.foundry.ontology.repository.OntologyRepo$$EnhancerBySpringCGLIB$$53d8380f.queryCountByDomain(<generated>)
	at com.aircas.ptr.foundry.ontology.application.service.OntologyService.getCountByDomain(OntologyService.java:45)
	at com.aircas.ptr.foundry.ontology.userinterface.controller.OntologyController.getCountByDomain(OntologyController.java:47)
	at sun.reflect.NativeMethodAccessorImpl.invoke0(Native Method)
	at sun.reflect.NativeMethodAccessorImpl.invoke(NativeMethodAccessorImpl.java:62)
	at sun.reflect.DelegatingMethodAccessorImpl.invoke(DelegatingMethodAccessorImpl.java:43)
	at java.lang.reflect.Method.invoke(Method.java:498)
	at org.springframework.web.method.support.InvocableHandlerMethod.doInvoke(InvocableHandlerMethod.java:190)
	at org.springframework.web.method.support.InvocableHandlerMethod.invokeForRequest(InvocableHandlerMethod.java:138)
	at org.springframework.web.servlet.mvc.method.annotation.ServletInvocableHandlerMethod.invokeAndHandle(ServletInvocableHandlerMethod.java:105)
	at org.springframework.web.servlet.mvc.method.annotation.RequestMappingHandlerAdapter.invokeHandlerMethod(RequestMappingHandlerAdapter.java:878)
	at org.springframework.web.servlet.mvc.method.annotation.RequestMappingHandlerAdapter.handleInternal(RequestMappingHandlerAdapter.java:792)
	at org.springframework.web.servlet.mvc.method.AbstractHandlerMethodAdapter.handle(AbstractHandlerMethodAdapter.java:87)
	at org.springframework.web.servlet.DispatcherServlet.doDispatch(DispatcherServlet.java:1040)
	at org.springframework.web.servlet.DispatcherServlet.doService(DispatcherServlet.java:943)
	at org.springframework.web.servlet.FrameworkServlet.processRequest(FrameworkServlet.java:1006)
	at org.springframework.web.servlet.FrameworkServlet.doGet(FrameworkServlet.java:898)
	at javax.servlet.http.HttpServlet.service(HttpServlet.java:626)
	at org.springframework.web.servlet.FrameworkServlet.service(FrameworkServlet.java:883)
	at javax.servlet.http.HttpServlet.service(HttpServlet.java:733)
	at org.apache.catalina.core.ApplicationFilterChain.internalDoFilter(ApplicationFilterChain.java:227)
	at org.apache.catalina.core.ApplicationFilterChain.doFilter(ApplicationFilterChain.java:162)
	at org.apache.tomcat.websocket.server.WsFilter.doFilter(WsFilter.java:53)
	at org.apache.catalina.core.ApplicationFilterChain.internalDoFilter(ApplicationFilterChain.java:189)
	at org.apache.catalina.core.ApplicationFilterChain.doFilter(ApplicationFilterChain.java:162)
	at org.springframework.web.filter.RequestContextFilter.doFilterInternal(RequestContextFilter.java:100)
	at org.springframework.web.filter.OncePerRequestFilter.doFilter(OncePerRequestFilter.java:119)
	at org.apache.catalina.core.ApplicationFilterChain.internalDoFilter(ApplicationFilterChain.java:189)
	at org.apache.catalina.core.ApplicationFilterChain.doFilter(ApplicationFilterChain.java:162)
	at org.springframework.web.filter.FormContentFilter.doFilterInternal(FormContentFilter.java:93)
	at org.springframework.web.filter.OncePerRequestFilter.doFilter(OncePerRequestFilter.java:119)
	at org.apache.catalina.core.ApplicationFilterChain.internalDoFilter(ApplicationFilterChain.java:189)
	at org.apache.catalina.core.ApplicationFilterChain.doFilter(ApplicationFilterChain.java:162)
	at org.springframework.web.filter.CharacterEncodingFilter.doFilterInternal(CharacterEncodingFilter.java:201)
	at org.springframework.web.filter.OncePerRequestFilter.doFilter(OncePerRequestFilter.java:119)
	at org.apache.catalina.core.ApplicationFilterChain.internalDoFilter(ApplicationFilterChain.java:189)
	at org.apache.catalina.core.ApplicationFilterChain.doFilter(ApplicationFilterChain.java:162)
	at org.apache.catalina.core.StandardWrapperValve.invoke(StandardWrapperValve.java:202)
	at org.apache.catalina.core.StandardContextValve.invoke(StandardContextValve.java:97)
	at org.apache.catalina.authenticator.AuthenticatorBase.invoke(AuthenticatorBase.java:542)
	at org.apache.catalina.core.StandardHostValve.invoke(StandardHostValve.java:143)
	at org.apache.catalina.valves.ErrorReportValve.invoke(ErrorReportValve.java:92)
	at org.apache.catalina.core.StandardEngineValve.invoke(StandardEngineValve.java:78)
	at org.apache.catalina.connector.CoyoteAdapter.service(CoyoteAdapter.java:357)
	at org.apache.coyote.http11.Http11Processor.service(Http11Processor.java:374)
	at org.apache.coyote.AbstractProcessorLight.process(AbstractProcessorLight.java:65)
	at org.apache.coyote.AbstractProtocol$ConnectionHandler.process(AbstractProtocol.java:893)
	at org.apache.tomcat.util.net.NioEndpoint$SocketProcessor.doRun(NioEndpoint.java:1707)
	at org.apache.tomcat.util.net.SocketProcessorBase.run(SocketProcessorBase.java:49)
	at java.util.concurrent.ThreadPoolExecutor.runWorker(ThreadPoolExecutor.java:1149)
	at java.util.concurrent.ThreadPoolExecutor$Worker.run(ThreadPoolExecutor.java:624)
	at org.apache.tomcat.util.threads.TaskThread$WrappingRunnable.run(TaskThread.java:61)
	at java.lang.Thread.run(Thread.java:748)
