2023-08-24 18:42:13.029 [main] INFO  c.a.p.f.o.OntologyServerApplication - No active profile set, falling back to default profiles: default
2023-08-24 18:42:14.208 [main] INFO  o.s.cloud.context.scope.GenericScope - BeanFactory id=4df8aec9-e1bc-3ef1-9449-9faa645b9c1f
2023-08-24 18:42:14.701 [main] INFO  o.s.b.w.e.tomcat.TomcatWebServer - Tomcat initialized with port(s): 36002 (http)
2023-08-24 18:42:14.715 [main] INFO  o.a.coyote.http11.Http11NioProtocol - Initializing ProtocolHandler ["http-nio-36002"]
2023-08-24 18:42:14.716 [main] INFO  o.a.catalina.core.StandardService - Starting service [Tomcat]
2023-08-24 18:42:14.716 [main] INFO  o.a.catalina.core.StandardEngine - Starting Servlet engine: [Apache Tomcat/9.0.46]
2023-08-24 18:42:14.862 [main] INFO  o.a.c.c.C.[.[localhost].[/ontology] - Initializing Spring embedded WebApplicationContext
2023-08-24 18:42:14.862 [main] INFO  o.s.b.w.s.c.ServletWebServerApplicationContext - Root WebApplicationContext: initialization completed in 1820 ms
2023-08-24 18:42:15.072 [main] INFO  c.a.d.s.b.a.DruidDataSourceAutoConfigure - Init DruidDataSource
2023-08-24 18:42:15.211 [main] INFO  c.alibaba.druid.pool.DruidDataSource - {dataSource-1} inited
2023-08-24 18:42:15.780 [main] INFO  s.d.s.w.WebMvcPropertySourcedRequestMappingHandlerMapping - Mapped URL path [/v2/api-docs] onto method [springfox.documentation.swagger2.web.Swagger2ControllerWebMvc#getDocumentation(String, HttpServletRequest)]
2023-08-24 18:42:15.799 [main] INFO  c.n.c.sources.URLConfigurationSource - To enable URLs as dynamic configuration sources, define System property archaius.configurationSource.additionalUrls or make config.properties available on classpath.
2023-08-24 18:42:15.805 [main] INFO  c.n.c.sources.URLConfigurationSource - To enable URLs as dynamic configuration sources, define System property archaius.configurationSource.additionalUrls or make config.properties available on classpath.
2023-08-24 18:42:15.937 [main] INFO  o.s.s.c.ThreadPoolTaskExecutor - Initializing ExecutorService 'applicationTaskExecutor'
2023-08-24 18:42:16.138 [main] INFO  t.m.m.a.MapperCacheDisabler - Clear tk.mybatis.mapper.util.MsUtil CLASS_CACHE cache.
2023-08-24 18:42:16.138 [main] INFO  t.m.m.a.MapperCacheDisabler - Clear tk.mybatis.mapper.genid.GenIdUtil CACHE cache.
2023-08-24 18:42:16.139 [main] INFO  t.m.m.a.MapperCacheDisabler - Clear tk.mybatis.mapper.version.VersionUtil CACHE cache.
2023-08-24 18:42:16.139 [main] INFO  t.m.m.a.MapperCacheDisabler - Clear EntityHelper entityTableMap cache.
2023-08-24 18:42:16.670 [main] INFO  o.s.c.n.e.c.DiscoveryClientOptionalArgsConfiguration - Eureka HTTP Client uses Jersey
2023-08-24 18:42:17.161 [main] INFO  o.s.c.n.eureka.InstanceInfoFactory - Setting initial instance status as: STARTING
2023-08-24 18:42:17.200 [main] INFO  c.netflix.discovery.DiscoveryClient - Initializing Eureka in region us-east-1
2023-08-24 18:42:17.699 [main] INFO  c.n.d.p.DiscoveryJerseyProvider - Using JSON encoding codec LegacyJacksonJson
2023-08-24 18:42:17.700 [main] INFO  c.n.d.p.DiscoveryJerseyProvider - Using JSON decoding codec LegacyJacksonJson
2023-08-24 18:42:17.825 [main] INFO  c.n.d.p.DiscoveryJerseyProvider - Using XML encoding codec XStreamXml
2023-08-24 18:42:17.825 [main] INFO  c.n.d.p.DiscoveryJerseyProvider - Using XML decoding codec XStreamXml
2023-08-24 18:42:18.167 [main] INFO  c.n.d.s.r.aws.ConfigClusterResolver - Resolving eureka endpoints via configuration
2023-08-24 18:42:18.197 [main] INFO  c.netflix.discovery.DiscoveryClient - Disable delta property : false
2023-08-24 18:42:18.197 [main] INFO  c.netflix.discovery.DiscoveryClient - Single vip registry refresh property : null
2023-08-24 18:42:18.197 [main] INFO  c.netflix.discovery.DiscoveryClient - Force full registry fetch : false
2023-08-24 18:42:18.198 [main] INFO  c.netflix.discovery.DiscoveryClient - Application is null : false
2023-08-24 18:42:18.198 [main] INFO  c.netflix.discovery.DiscoveryClient - Registered Applications size is zero : true
2023-08-24 18:42:18.198 [main] INFO  c.netflix.discovery.DiscoveryClient - Application version is -1: true
2023-08-24 18:42:18.198 [main] INFO  c.netflix.discovery.DiscoveryClient - Getting all instance registry info from the eureka server
2023-08-24 18:42:18.432 [main] INFO  c.netflix.discovery.DiscoveryClient - The response status is 200
2023-08-24 18:42:18.435 [main] INFO  c.netflix.discovery.DiscoveryClient - Starting heartbeat executor: renew interval is: 5
2023-08-24 18:42:18.439 [main] INFO  c.n.discovery.InstanceInfoReplicator - InstanceInfoReplicator onDemand update allowed rate per min is 4
2023-08-24 18:42:18.444 [main] INFO  c.netflix.discovery.DiscoveryClient - Discovery Client initialized at timestamp 1692873738443 with initial instances count: 0
2023-08-24 18:42:18.447 [main] INFO  o.s.c.n.e.s.EurekaServiceRegistry - Registering application ONTOLOGY with eureka with status UP
2023-08-24 18:42:18.448 [main] INFO  c.netflix.discovery.DiscoveryClient - Saw local status change event StatusChangeEvent [timestamp=1692873738448, current=UP, previous=STARTING]
2023-08-24 18:42:18.450 [main] INFO  o.a.coyote.http11.Http11NioProtocol - Starting ProtocolHandler ["http-nio-36002"]
2023-08-24 18:42:18.451 [DiscoveryClient-InstanceInfoReplicator-0] INFO  c.netflix.discovery.DiscoveryClient - DiscoveryClient_ONTOLOGY/DESKTOP-Q8LROP6:ontology:36002: registering service...
2023-08-24 18:42:18.535 [main] INFO  o.s.b.w.e.tomcat.TomcatWebServer - Tomcat started on port(s): 36002 (http) with context path '/ontology'
2023-08-24 18:42:18.536 [main] INFO  o.s.c.n.e.s.EurekaAutoServiceRegistration - Updating port to 36002
2023-08-24 18:42:18.602 [DiscoveryClient-InstanceInfoReplicator-0] INFO  c.netflix.discovery.DiscoveryClient - DiscoveryClient_ONTOLOGY/DESKTOP-Q8LROP6:ontology:36002 - registration status: 204
2023-08-24 18:42:18.965 [main] INFO  s.d.s.w.p.DocumentationPluginsBootstrapper - Documentation plugins bootstrapped
2023-08-24 18:42:18.970 [main] INFO  s.d.s.w.p.DocumentationPluginsBootstrapper - Found 1 custom documentation plugin(s)
2023-08-24 18:42:19.007 [main] INFO  s.d.s.w.s.ApiListingReferenceScanner - Scanning for api listing references
2023-08-24 18:42:19.106 [main] INFO  c.a.p.f.o.OntologyServerApplication - Started OntologyServerApplication in 8.373 seconds (JVM running for 10.1)
2023-08-24 18:42:23.445 [DiscoveryClient-CacheRefreshExecutor-0] INFO  c.netflix.discovery.DiscoveryClient - Disable delta property : false
2023-08-24 18:42:23.446 [DiscoveryClient-CacheRefreshExecutor-0] INFO  c.netflix.discovery.DiscoveryClient - Single vip registry refresh property : null
2023-08-24 18:42:23.447 [DiscoveryClient-CacheRefreshExecutor-0] INFO  c.netflix.discovery.DiscoveryClient - Force full registry fetch : false
2023-08-24 18:42:23.447 [DiscoveryClient-CacheRefreshExecutor-0] INFO  c.netflix.discovery.DiscoveryClient - Application is null : false
2023-08-24 18:42:23.448 [DiscoveryClient-CacheRefreshExecutor-0] INFO  c.netflix.discovery.DiscoveryClient - Registered Applications size is zero : true
2023-08-24 18:42:23.449 [DiscoveryClient-CacheRefreshExecutor-0] INFO  c.netflix.discovery.DiscoveryClient - Application version is -1: false
2023-08-24 18:42:23.449 [DiscoveryClient-CacheRefreshExecutor-0] INFO  c.netflix.discovery.DiscoveryClient - Getting all instance registry info from the eureka server
2023-08-24 18:42:23.467 [DiscoveryClient-CacheRefreshExecutor-0] INFO  c.netflix.discovery.DiscoveryClient - The response status is 200
2023-08-24 18:42:24.862 [http-nio-36002-exec-1] INFO  o.a.c.c.C.[.[localhost].[/ontology] - Initializing Spring DispatcherServlet 'dispatcherServlet'
2023-08-24 18:42:24.862 [http-nio-36002-exec-1] INFO  o.s.web.servlet.DispatcherServlet - Initializing Servlet 'dispatcherServlet'
2023-08-24 18:42:24.874 [http-nio-36002-exec-1] INFO  o.s.web.servlet.DispatcherServlet - Completed initialization in 12 ms
2023-08-24 18:42:28.475 [DiscoveryClient-CacheRefreshExecutor-0] INFO  c.netflix.discovery.DiscoveryClient - Disable delta property : false
2023-08-24 18:42:28.476 [DiscoveryClient-CacheRefreshExecutor-0] INFO  c.netflix.discovery.DiscoveryClient - Single vip registry refresh property : null
2023-08-24 18:42:28.477 [DiscoveryClient-CacheRefreshExecutor-0] INFO  c.netflix.discovery.DiscoveryClient - Force full registry fetch : false
2023-08-24 18:42:28.478 [DiscoveryClient-CacheRefreshExecutor-0] INFO  c.netflix.discovery.DiscoveryClient - Application is null : false
2023-08-24 18:42:28.478 [DiscoveryClient-CacheRefreshExecutor-0] INFO  c.netflix.discovery.DiscoveryClient - Registered Applications size is zero : true
2023-08-24 18:42:28.479 [DiscoveryClient-CacheRefreshExecutor-0] INFO  c.netflix.discovery.DiscoveryClient - Application version is -1: false
2023-08-24 18:42:28.479 [DiscoveryClient-CacheRefreshExecutor-0] INFO  c.netflix.discovery.DiscoveryClient - Getting all instance registry info from the eureka server
2023-08-24 18:42:28.505 [DiscoveryClient-CacheRefreshExecutor-0] INFO  c.netflix.discovery.DiscoveryClient - The response status is 200
2023-08-24 18:42:33.518 [DiscoveryClient-CacheRefreshExecutor-0] INFO  c.netflix.discovery.DiscoveryClient - Disable delta property : false
2023-08-24 18:42:33.519 [DiscoveryClient-CacheRefreshExecutor-0] INFO  c.netflix.discovery.DiscoveryClient - Single vip registry refresh property : null
2023-08-24 18:42:33.519 [DiscoveryClient-CacheRefreshExecutor-0] INFO  c.netflix.discovery.DiscoveryClient - Force full registry fetch : false
2023-08-24 18:42:33.521 [DiscoveryClient-CacheRefreshExecutor-0] INFO  c.netflix.discovery.DiscoveryClient - Application is null : false
2023-08-24 18:42:33.521 [DiscoveryClient-CacheRefreshExecutor-0] INFO  c.netflix.discovery.DiscoveryClient - Registered Applications size is zero : true
2023-08-24 18:42:33.521 [DiscoveryClient-CacheRefreshExecutor-0] INFO  c.netflix.discovery.DiscoveryClient - Application version is -1: false
2023-08-24 18:42:33.522 [DiscoveryClient-CacheRefreshExecutor-0] INFO  c.netflix.discovery.DiscoveryClient - Getting all instance registry info from the eureka server
2023-08-24 18:42:33.668 [DiscoveryClient-CacheRefreshExecutor-0] INFO  c.netflix.discovery.DiscoveryClient - The response status is 200
2023-08-24 18:46:52.490 [Druid-ConnectionPool-Create-82750270] INFO  c.a.d.pool.DruidAbstractDataSource - {dataSource-1} failContinuous is true
2023-08-24 18:47:18.201 [AsyncResolver-bootstrap-executor-0] INFO  c.n.d.s.r.aws.ConfigClusterResolver - Resolving eureka endpoints via configuration
2023-08-24 18:51:38.664 [SpringContextShutdownHook] INFO  o.s.c.n.e.s.EurekaServiceRegistry - Unregistering application ONTOLOGY with eureka with status DOWN
2023-08-24 18:51:38.665 [SpringContextShutdownHook] INFO  c.netflix.discovery.DiscoveryClient - Saw local status change event StatusChangeEvent [timestamp=1692874298665, current=DOWN, previous=UP]
2023-08-24 18:51:38.666 [DiscoveryClient-InstanceInfoReplicator-0] INFO  c.netflix.discovery.DiscoveryClient - DiscoveryClient_ONTOLOGY/DESKTOP-Q8LROP6:ontology:36002: registering service...
2023-08-24 18:51:38.699 [DiscoveryClient-InstanceInfoReplicator-0] INFO  c.netflix.discovery.DiscoveryClient - DiscoveryClient_ONTOLOGY/DESKTOP-Q8LROP6:ontology:36002 - registration status: 204
2023-08-24 18:51:41.429 [SpringContextShutdownHook] INFO  o.s.s.c.ThreadPoolTaskExecutor - Shutting down ExecutorService 'applicationTaskExecutor'
2023-08-24 18:51:41.436 [SpringContextShutdownHook] INFO  c.alibaba.druid.pool.DruidDataSource - {dataSource-1} closing ...
2023-08-24 18:51:41.439 [SpringContextShutdownHook] INFO  c.alibaba.druid.pool.DruidDataSource - {dataSource-1} closed
2023-08-24 18:51:41.440 [SpringContextShutdownHook] INFO  c.netflix.discovery.DiscoveryClient - Shutting down DiscoveryClient ...
2023-08-24 18:51:44.460 [SpringContextShutdownHook] INFO  c.netflix.discovery.DiscoveryClient - Unregistering ...
2023-08-24 18:51:44.480 [SpringContextShutdownHook] INFO  c.netflix.discovery.DiscoveryClient - DiscoveryClient_ONTOLOGY/DESKTOP-Q8LROP6:ontology:36002 - deregister  status: 200
2023-08-24 18:51:44.508 [SpringContextShutdownHook] INFO  c.netflix.discovery.DiscoveryClient - Completed shut down of DiscoveryClient
2023-08-24 18:53:11.854 [main] INFO  c.a.p.f.o.OntologyServerApplication - No active profile set, falling back to default profiles: default
2023-08-24 18:53:13.002 [main] INFO  o.s.cloud.context.scope.GenericScope - BeanFactory id=4df8aec9-e1bc-3ef1-9449-9faa645b9c1f
2023-08-24 18:53:13.418 [main] INFO  o.s.b.w.e.tomcat.TomcatWebServer - Tomcat initialized with port(s): 36002 (http)
2023-08-24 18:53:13.431 [main] INFO  o.a.coyote.http11.Http11NioProtocol - Initializing ProtocolHandler ["http-nio-36002"]
2023-08-24 18:53:13.432 [main] INFO  o.a.catalina.core.StandardService - Starting service [Tomcat]
2023-08-24 18:53:13.433 [main] INFO  o.a.catalina.core.StandardEngine - Starting Servlet engine: [Apache Tomcat/9.0.46]
2023-08-24 18:53:13.579 [main] INFO  o.a.c.c.C.[.[localhost].[/ontology] - Initializing Spring embedded WebApplicationContext
2023-08-24 18:53:13.580 [main] INFO  o.s.b.w.s.c.ServletWebServerApplicationContext - Root WebApplicationContext: initialization completed in 1710 ms
2023-08-24 18:53:13.670 [main] INFO  c.a.d.s.b.a.DruidDataSourceAutoConfigure - Init DruidDataSource
2023-08-24 18:53:13.893 [main] INFO  c.alibaba.druid.pool.DruidDataSource - {dataSource-1} inited
2023-08-24 18:53:14.553 [main] INFO  s.d.s.w.WebMvcPropertySourcedRequestMappingHandlerMapping - Mapped URL path [/v2/api-docs] onto method [springfox.documentation.swagger2.web.Swagger2ControllerWebMvc#getDocumentation(String, HttpServletRequest)]
2023-08-24 18:53:14.571 [main] INFO  c.n.c.sources.URLConfigurationSource - To enable URLs as dynamic configuration sources, define System property archaius.configurationSource.additionalUrls or make config.properties available on classpath.
2023-08-24 18:53:14.579 [main] INFO  c.n.c.sources.URLConfigurationSource - To enable URLs as dynamic configuration sources, define System property archaius.configurationSource.additionalUrls or make config.properties available on classpath.
2023-08-24 18:53:14.696 [main] INFO  o.s.s.c.ThreadPoolTaskExecutor - Initializing ExecutorService 'applicationTaskExecutor'
2023-08-24 18:53:14.864 [main] INFO  t.m.m.a.MapperCacheDisabler - Clear tk.mybatis.mapper.util.MsUtil CLASS_CACHE cache.
2023-08-24 18:53:14.865 [main] INFO  t.m.m.a.MapperCacheDisabler - Clear tk.mybatis.mapper.genid.GenIdUtil CACHE cache.
2023-08-24 18:53:14.865 [main] INFO  t.m.m.a.MapperCacheDisabler - Clear tk.mybatis.mapper.version.VersionUtil CACHE cache.
2023-08-24 18:53:14.865 [main] INFO  t.m.m.a.MapperCacheDisabler - Clear EntityHelper entityTableMap cache.
2023-08-24 18:53:15.341 [main] INFO  o.s.c.n.e.c.DiscoveryClientOptionalArgsConfiguration - Eureka HTTP Client uses Jersey
2023-08-24 18:53:16.025 [main] INFO  o.s.c.n.eureka.InstanceInfoFactory - Setting initial instance status as: STARTING
2023-08-24 18:53:16.066 [main] INFO  c.netflix.discovery.DiscoveryClient - Initializing Eureka in region us-east-1
2023-08-24 18:53:16.599 [main] INFO  c.n.d.p.DiscoveryJerseyProvider - Using JSON encoding codec LegacyJacksonJson
2023-08-24 18:53:16.599 [main] INFO  c.n.d.p.DiscoveryJerseyProvider - Using JSON decoding codec LegacyJacksonJson
2023-08-24 18:53:16.814 [main] INFO  c.n.d.p.DiscoveryJerseyProvider - Using XML encoding codec XStreamXml
2023-08-24 18:53:16.814 [main] INFO  c.n.d.p.DiscoveryJerseyProvider - Using XML decoding codec XStreamXml
2023-08-24 18:53:17.211 [main] INFO  c.n.d.s.r.aws.ConfigClusterResolver - Resolving eureka endpoints via configuration
2023-08-24 18:53:17.237 [main] INFO  c.netflix.discovery.DiscoveryClient - Disable delta property : false
2023-08-24 18:53:17.237 [main] INFO  c.netflix.discovery.DiscoveryClient - Single vip registry refresh property : null
2023-08-24 18:53:17.237 [main] INFO  c.netflix.discovery.DiscoveryClient - Force full registry fetch : false
2023-08-24 18:53:17.237 [main] INFO  c.netflix.discovery.DiscoveryClient - Application is null : false
2023-08-24 18:53:17.237 [main] INFO  c.netflix.discovery.DiscoveryClient - Registered Applications size is zero : true
2023-08-24 18:53:17.237 [main] INFO  c.netflix.discovery.DiscoveryClient - Application version is -1: true
2023-08-24 18:53:17.237 [main] INFO  c.netflix.discovery.DiscoveryClient - Getting all instance registry info from the eureka server
2023-08-24 18:53:17.377 [main] INFO  c.netflix.discovery.DiscoveryClient - The response status is 200
2023-08-24 18:53:17.379 [main] INFO  c.netflix.discovery.DiscoveryClient - Starting heartbeat executor: renew interval is: 5
2023-08-24 18:53:17.381 [main] INFO  c.n.discovery.InstanceInfoReplicator - InstanceInfoReplicator onDemand update allowed rate per min is 4
2023-08-24 18:53:17.386 [main] INFO  c.netflix.discovery.DiscoveryClient - Discovery Client initialized at timestamp 1692874397384 with initial instances count: 0
2023-08-24 18:53:17.389 [main] INFO  o.s.c.n.e.s.EurekaServiceRegistry - Registering application ONTOLOGY with eureka with status UP
2023-08-24 18:53:17.389 [main] INFO  c.netflix.discovery.DiscoveryClient - Saw local status change event StatusChangeEvent [timestamp=1692874397389, current=UP, previous=STARTING]
2023-08-24 18:53:17.392 [DiscoveryClient-InstanceInfoReplicator-0] INFO  c.netflix.discovery.DiscoveryClient - DiscoveryClient_ONTOLOGY/DESKTOP-Q8LROP6:ontology:36002: registering service...
2023-08-24 18:53:17.393 [main] INFO  o.a.coyote.http11.Http11NioProtocol - Starting ProtocolHandler ["http-nio-36002"]
2023-08-24 18:53:17.448 [main] INFO  o.s.b.w.e.tomcat.TomcatWebServer - Tomcat started on port(s): 36002 (http) with context path '/ontology'
2023-08-24 18:53:17.450 [main] INFO  o.s.c.n.e.s.EurekaAutoServiceRegistration - Updating port to 36002
2023-08-24 18:53:17.510 [DiscoveryClient-InstanceInfoReplicator-0] INFO  c.netflix.discovery.DiscoveryClient - DiscoveryClient_ONTOLOGY/DESKTOP-Q8LROP6:ontology:36002 - registration status: 204
2023-08-24 18:53:17.795 [main] INFO  s.d.s.w.p.DocumentationPluginsBootstrapper - Documentation plugins bootstrapped
2023-08-24 18:53:17.798 [main] INFO  s.d.s.w.p.DocumentationPluginsBootstrapper - Found 1 custom documentation plugin(s)
2023-08-24 18:53:17.831 [main] INFO  s.d.s.w.s.ApiListingReferenceScanner - Scanning for api listing references
2023-08-24 18:53:17.941 [main] INFO  c.a.p.f.o.OntologyServerApplication - Started OntologyServerApplication in 8.135 seconds (JVM running for 9.802)
2023-08-24 18:53:22.386 [DiscoveryClient-CacheRefreshExecutor-0] INFO  c.netflix.discovery.DiscoveryClient - Disable delta property : false
2023-08-24 18:53:22.387 [DiscoveryClient-CacheRefreshExecutor-0] INFO  c.netflix.discovery.DiscoveryClient - Single vip registry refresh property : null
2023-08-24 18:53:22.387 [DiscoveryClient-CacheRefreshExecutor-0] INFO  c.netflix.discovery.DiscoveryClient - Force full registry fetch : false
2023-08-24 18:53:22.387 [DiscoveryClient-CacheRefreshExecutor-0] INFO  c.netflix.discovery.DiscoveryClient - Application is null : false
2023-08-24 18:53:22.387 [DiscoveryClient-CacheRefreshExecutor-0] INFO  c.netflix.discovery.DiscoveryClient - Registered Applications size is zero : true
2023-08-24 18:53:22.387 [DiscoveryClient-CacheRefreshExecutor-0] INFO  c.netflix.discovery.DiscoveryClient - Application version is -1: false
2023-08-24 18:53:22.387 [DiscoveryClient-CacheRefreshExecutor-0] INFO  c.netflix.discovery.DiscoveryClient - Getting all instance registry info from the eureka server
2023-08-24 18:53:22.435 [DiscoveryClient-CacheRefreshExecutor-0] INFO  c.netflix.discovery.DiscoveryClient - The response status is 200
2023-08-24 18:53:27.442 [DiscoveryClient-CacheRefreshExecutor-0] INFO  c.netflix.discovery.DiscoveryClient - Disable delta property : false
2023-08-24 18:53:27.442 [DiscoveryClient-CacheRefreshExecutor-0] INFO  c.netflix.discovery.DiscoveryClient - Single vip registry refresh property : null
2023-08-24 18:53:27.443 [DiscoveryClient-CacheRefreshExecutor-0] INFO  c.netflix.discovery.DiscoveryClient - Force full registry fetch : false
2023-08-24 18:53:27.443 [DiscoveryClient-CacheRefreshExecutor-0] INFO  c.netflix.discovery.DiscoveryClient - Application is null : false
2023-08-24 18:53:27.443 [DiscoveryClient-CacheRefreshExecutor-0] INFO  c.netflix.discovery.DiscoveryClient - Registered Applications size is zero : true
2023-08-24 18:53:27.443 [DiscoveryClient-CacheRefreshExecutor-0] INFO  c.netflix.discovery.DiscoveryClient - Application version is -1: false
2023-08-24 18:53:27.443 [DiscoveryClient-CacheRefreshExecutor-0] INFO  c.netflix.discovery.DiscoveryClient - Getting all instance registry info from the eureka server
2023-08-24 18:53:27.495 [DiscoveryClient-CacheRefreshExecutor-0] INFO  c.netflix.discovery.DiscoveryClient - The response status is 200
2023-08-24 18:53:28.147 [http-nio-36002-exec-2] INFO  o.a.c.c.C.[.[localhost].[/ontology] - Initializing Spring DispatcherServlet 'dispatcherServlet'
2023-08-24 18:53:28.147 [http-nio-36002-exec-2] INFO  o.s.web.servlet.DispatcherServlet - Initializing Servlet 'dispatcherServlet'
2023-08-24 18:53:28.155 [http-nio-36002-exec-2] INFO  o.s.web.servlet.DispatcherServlet - Completed initialization in 7 ms
2023-08-24 18:53:32.510 [DiscoveryClient-CacheRefreshExecutor-0] INFO  c.netflix.discovery.DiscoveryClient - Disable delta property : false
2023-08-24 18:53:32.510 [DiscoveryClient-CacheRefreshExecutor-0] INFO  c.netflix.discovery.DiscoveryClient - Single vip registry refresh property : null
2023-08-24 18:53:32.510 [DiscoveryClient-CacheRefreshExecutor-0] INFO  c.netflix.discovery.DiscoveryClient - Force full registry fetch : false
2023-08-24 18:53:32.510 [DiscoveryClient-CacheRefreshExecutor-0] INFO  c.netflix.discovery.DiscoveryClient - Application is null : false
2023-08-24 18:53:32.510 [DiscoveryClient-CacheRefreshExecutor-0] INFO  c.netflix.discovery.DiscoveryClient - Registered Applications size is zero : true
2023-08-24 18:53:32.510 [DiscoveryClient-CacheRefreshExecutor-0] INFO  c.netflix.discovery.DiscoveryClient - Application version is -1: false
2023-08-24 18:53:32.511 [DiscoveryClient-CacheRefreshExecutor-0] INFO  c.netflix.discovery.DiscoveryClient - Getting all instance registry info from the eureka server
2023-08-24 18:53:32.608 [DiscoveryClient-CacheRefreshExecutor-0] INFO  c.netflix.discovery.DiscoveryClient - The response status is 200
2023-08-24 18:58:17.266 [AsyncResolver-bootstrap-executor-0] INFO  c.n.d.s.r.aws.ConfigClusterResolver - Resolving eureka endpoints via configuration
2023-08-24 19:00:35.816 [SpringContextShutdownHook] INFO  o.s.c.n.e.s.EurekaServiceRegistry - Unregistering application ONTOLOGY with eureka with status DOWN
2023-08-24 19:00:35.816 [SpringContextShutdownHook] INFO  c.netflix.discovery.DiscoveryClient - Saw local status change event StatusChangeEvent [timestamp=1692874835816, current=DOWN, previous=UP]
2023-08-24 19:00:35.817 [DiscoveryClient-InstanceInfoReplicator-0] INFO  c.netflix.discovery.DiscoveryClient - DiscoveryClient_ONTOLOGY/DESKTOP-Q8LROP6:ontology:36002: registering service...
2023-08-24 19:00:35.840 [DiscoveryClient-InstanceInfoReplicator-0] INFO  c.netflix.discovery.DiscoveryClient - DiscoveryClient_ONTOLOGY/DESKTOP-Q8LROP6:ontology:36002 - registration status: 204
2023-08-24 19:00:36.191 [SpringContextShutdownHook] INFO  o.s.s.c.ThreadPoolTaskExecutor - Shutting down ExecutorService 'applicationTaskExecutor'
2023-08-24 19:00:36.202 [SpringContextShutdownHook] INFO  c.alibaba.druid.pool.DruidDataSource - {dataSource-1} closing ...
2023-08-24 19:00:36.208 [SpringContextShutdownHook] INFO  c.alibaba.druid.pool.DruidDataSource - {dataSource-1} closed
2023-08-24 19:00:36.209 [SpringContextShutdownHook] INFO  c.netflix.discovery.DiscoveryClient - Shutting down DiscoveryClient ...
2023-08-24 19:00:39.225 [SpringContextShutdownHook] INFO  c.netflix.discovery.DiscoveryClient - Unregistering ...
